kushal@fedora:~/src/dotnet/MyDesktopApplication$ cd /home/kushal/src/dotnet/MyDesktopApplication; time sh export.sh; time dotnet clean; time dotnet restore; time dotnet build; time dotnet test;
==============================================
  Project Export for LLM Analysis
==============================================

Project Path: /home/kushal/src/dotnet/MyDesktopApplication
Output File:  docs/llm/dump.txt

Generating directory structure...
Collecting files...
Found 69 files to export

Processing (1/69): add-migration.sh
Processing (2/69): Directory.Build.props
Processing (3/69): Directory.Packages.props
Processing (4/69): export.sh
Processing (5/69): fix-all-errors.sh
Processing (6/69): fix-project-properly.sh
Processing (7/69): .gitattributes
Processing (8/69): .github/dependabot.yml
Processing (9/69): .github/workflows/build.yml
Processing (10/69): .github/workflows/ci.yml
Processing (11/69): .github/workflows/release.yml
Processing (12/69): .gitignore
Processing (13/69): migrate.sh
Processing (14/69): MyDesktopApplication.slnx
Processing (15/69): README.md
Processing (16/69): repair-project.sh
Processing (17/69): src/MyDesktopApplication.Android/AndroidManifest.xml
Processing (18/69): src/MyDesktopApplication.Android/App.axaml
Processing (19/69): src/MyDesktopApplication.Android/App.cs
Processing (20/69): src/MyDesktopApplication.Android/MainActivity.cs
Processing (21/69): src/MyDesktopApplication.Android/MyDesktopApplication.Android.csproj
Processing (22/69): src/MyDesktopApplication.Android/Resources/drawable/icon.xml
Processing (23/69): src/MyDesktopApplication.Android/Resources/values/strings.xml
Processing (24/69): src/MyDesktopApplication.Android/Resources/values/styles.xml
Processing (25/69): src/MyDesktopApplication.Android/Views/MainView.axaml
Processing (26/69): src/MyDesktopApplication.Android/Views/MainView.axaml.cs
Processing (27/69): src/MyDesktopApplication.Core/Entities/Country.cs
Processing (28/69): src/MyDesktopApplication.Core/Entities/EntityBase.cs
Processing (29/69): src/MyDesktopApplication.Core/Entities/GameState.cs
Processing (30/69): src/MyDesktopApplication.Core/Entities/QuestionType.cs
Processing (31/69): src/MyDesktopApplication.Core/Entities/TodoItem.cs
Processing (32/69): src/MyDesktopApplication.Core/Interfaces/IGameStateRepository.cs
Processing (33/69): src/MyDesktopApplication.Core/Interfaces/IRepository.cs
Processing (34/69): src/MyDesktopApplication.Core/Interfaces/ITodoRepository.cs
Processing (35/69): src/MyDesktopApplication.Core/MyDesktopApplication.Core.csproj
Processing (36/69): src/MyDesktopApplication.Desktop/App.axaml
Processing (37/69): src/MyDesktopApplication.Desktop/App.axaml.cs
Processing (38/69): src/MyDesktopApplication.Desktop/app.manifest
Processing (39/69): src/MyDesktopApplication.Desktop/appsettings.json
Processing (40/69): src/MyDesktopApplication.Desktop/Assets/avalonia-logo.ico
Processing (41/69): src/MyDesktopApplication.Desktop/Converters/Converters.cs
Processing (42/69): src/MyDesktopApplication.Desktop/MyDesktopApplication.Desktop.csproj
Processing (43/69): src/MyDesktopApplication.Desktop/Program.cs
Processing (44/69): src/MyDesktopApplication.Desktop/ViewModels/MainWindowViewModel.cs
Processing (45/69): src/MyDesktopApplication.Desktop/ViewModels/ViewModelBase.cs
Processing (46/69): src/MyDesktopApplication.Desktop/Views/MainWindow.axaml
Processing (47/69): src/MyDesktopApplication.Desktop/Views/MainWindow.axaml.cs
Processing (48/69): src/MyDesktopApplication.Infrastructure/Data/AppDbContext.cs
Processing (49/69): src/MyDesktopApplication.Infrastructure/Data/DesignTimeDbContextFactory.cs
Processing (50/69): src/MyDesktopApplication.Infrastructure/DependencyInjection.cs
Processing (51/69): src/MyDesktopApplication.Infrastructure/MyDesktopApplication.Infrastructure.csproj
Processing (52/69): src/MyDesktopApplication.Infrastructure/Repositories/GameStateRepository.cs
Processing (53/69): src/MyDesktopApplication.Infrastructure/Repositories/Repository.cs
Processing (54/69): src/MyDesktopApplication.Infrastructure/Repositories/TodoRepository.cs
Processing (55/69): src/MyDesktopApplication.Shared/Data/CountryData.cs
Processing (56/69): src/MyDesktopApplication.Shared/Data/MotivationalMessages.cs
Processing (57/69): src/MyDesktopApplication.Shared/DTOs/TodoItemDto.cs
Processing (58/69): src/MyDesktopApplication.Shared/MyDesktopApplication.Shared.csproj
Processing (59/69): src/MyDesktopApplication.Shared/ViewModels/CountryQuizViewModel.cs
Processing (60/69): src/MyDesktopApplication.Shared/ViewModels/MainViewModel.cs
Processing (61/69): src/MyDesktopApplication.Shared/ViewModels/ViewModelBase.cs
Processing (62/69): tests/MyDesktopApplication.Core.Tests/GameStateTests.cs
Processing (63/69): tests/MyDesktopApplication.Core.Tests/MyDesktopApplication.Core.Tests.csproj
Processing (64/69): tests/MyDesktopApplication.Core.Tests/QuestionTypeTests.cs
Processing (65/69): tests/MyDesktopApplication.Core.Tests/TodoItemTests.cs
Processing (66/69): tests/MyDesktopApplication.Integration.Tests/MyDesktopApplication.Integration.Tests.csproj
Processing (67/69): tests/MyDesktopApplication.Integration.Tests/TodoRepositoryTests.cs
Processing (68/69): tests/MyDesktopApplication.UI.Tests/MainWindowViewModelTests.cs
Processing (69/69): tests/MyDesktopApplication.UI.Tests/MyDesktopApplication.UI.Tests.csproj

==============================================
  Export Complete!
==============================================

Output file:    docs/llm/dump.txt
Files exported: 69
Files skipped:  0
Output size:    420.62 KB

File types included:
  • Source code: .cs, .fs, .vb
  • UI/XAML: .axaml, .xaml, .paml
  • Projects: .csproj, .slnx, .sln, .props, .targets
  • Config: .json, .yaml, .yml, .xml, .config
  • Docs: .md, .txt
  • Scripts: .sh, .ps1, .cmd, .bat
  • Other: .sql, .resx, .css, .scss, Dockerfile, etc.


real	0m0.836s
user	0m0.408s
sys	0m0.598s

Build succeeded in 0.9s

real	0m1.017s
user	0m0.817s
sys	0m0.215s
    /home/kushal/src/dotnet/MyDesktopApplication/tests/MyDesktopApplication.Integration.Tests/MyDesktopApplication.Integration.Tests.csproj : error NU1010: The following PackageReference items do not define a corresponding PackageVersion item: Microsoft.EntityFrameworkCore.InMemory. Projects using Central Package Management must declare PackageReference and PackageVersion items with matching names. For more information, visit https://aka.ms/nuget/cpm/gettingstarted

Restore failed with 1 error(s) in 0.7s

real	0m0.887s
user	0m1.008s
sys	0m0.207s
    /home/kushal/src/dotnet/MyDesktopApplication/tests/MyDesktopApplication.Integration.Tests/MyDesktopApplication.Integration.Tests.csproj : error NU1010: The following PackageReference items do not define a corresponding PackageVersion item: Microsoft.EntityFrameworkCore.InMemory. Projects using Central Package Management must declare PackageReference and PackageVersion items with matching names. For more information, visit https://aka.ms/nuget/cpm/gettingstarted

Restore failed with 1 error(s) in 0.8s

real	0m0.892s
user	0m1.064s
sys	0m0.225s
    /home/kushal/src/dotnet/MyDesktopApplication/tests/MyDesktopApplication.Integration.Tests/MyDesktopApplication.Integration.Tests.csproj : error NU1010: The following PackageReference items do not define a corresponding PackageVersion item: Microsoft.EntityFrameworkCore.InMemory. Projects using Central Package Management must declare PackageReference and PackageVersion items with matching names. For more information, visit https://aka.ms/nuget/cpm/gettingstarted

Restore failed with 1 error(s) in 0.7s

real	0m0.910s
user	0m1.059s
sys	0m0.260s
kushal@fedora:~/src/dotnet/MyDesktopApplication$ dotnet list package
    /home/kushal/src/dotnet/MyDesktopApplication/tests/MyDesktopApplication.Integration.Tests/MyDesktopApplication.Integration.Tests.csproj : error NU1010: The following PackageReference items do not define a corresponding PackageVersion item: Microsoft.EntityFrameworkCore.InMemory. Projects using Central Package Management must declare PackageReference and PackageVersion items with matching names. For more information, visit https://aka.ms/nuget/cpm/gettingstarted

Restore failed with 1 error(s) in 0.8s
kushal@fedora:~/src/dotnet/MyDesktopApplication$ dotnet list package
    /home/kushal/src/dotnet/MyDesktopApplication/tests/MyDesktopApplication.Integration.Tests/MyDesktopApplication.Integration.Tests.csproj : error NU1109: 
      Detected package downgrade: Microsoft.EntityFrameworkCore from 10.0.1 to centrally defined 10.0.0. Update the centrally managed package version to a higher version. 
       MyDesktopApplication.Integration.Tests -> Microsoft.EntityFrameworkCore.InMemory 10.0.1 -> Microsoft.EntityFrameworkCore (>= 10.0.1) 
       MyDesktopApplication.Integration.Tests -> Microsoft.EntityFrameworkCore (>= 10.0.0)
    /home/kushal/src/dotnet/MyDesktopApplication/tests/MyDesktopApplication.Integration.Tests/MyDesktopApplication.Integration.Tests.csproj : error NU1109: 
      Detected package downgrade: Microsoft.Extensions.Logging from 10.0.1 to centrally defined 10.0.0. Update the centrally managed package version to a higher version. 
       MyDesktopApplication.Integration.Tests -> Microsoft.EntityFrameworkCore.InMemory 10.0.1 -> Microsoft.Extensions.Logging (>= 10.0.1) 
       MyDesktopApplication.Integration.Tests -> Microsoft.Extensions.Logging (>= 10.0.0)
    /home/kushal/src/dotnet/MyDesktopApplication/tests/MyDesktopApplication.Integration.Tests/MyDesktopApplication.Integration.Tests.csproj : error NU1109: 
      Detected package downgrade: Microsoft.Extensions.DependencyInjection.Abstractions from 10.0.1 to centrally defined 10.0.0. Update the centrally managed package version to a higher version. 
       MyDesktopApplication.Integration.Tests -> Microsoft.EntityFrameworkCore.InMemory 10.0.1 -> Microsoft.Extensions.Caching.Memory 10.0.1 -> Microsoft.Extensions.DependencyInjection.Abstractions (>= 10.0.1) 
       MyDesktopApplication.Integration.Tests -> Microsoft.Extensions.DependencyInjection.Abstractions (>= 10.0.0)
    /home/kushal/src/dotnet/MyDesktopApplication/tests/MyDesktopApplication.Integration.Tests/MyDesktopApplication.Integration.Tests.csproj : error NU1109: 
      Detected package downgrade: Microsoft.Extensions.Logging.Abstractions from 10.0.1 to centrally defined 10.0.0. Update the centrally managed package version to a higher version. 
       MyDesktopApplication.Integration.Tests -> Microsoft.EntityFrameworkCore.InMemory 10.0.1 -> Microsoft.Extensions.Caching.Memory 10.0.1 -> Microsoft.Extensions.Logging.Abstractions (>= 10.0.1) 
       MyDesktopApplication.Integration.Tests -> Microsoft.Extensions.Logging.Abstractions (>= 10.0.0)

Restore failed with 4 error(s) in 1.0s
kushal@fedora:~/src/dotnet/MyDesktopApplication$ dotnet list package
    /home/kushal/src/dotnet/MyDesktopApplication/src/MyDesktopApplication.Infrastructure/MyDesktopApplication.Infrastructure.csproj : error NU1109: 
      Detected package downgrade: Microsoft.Extensions.Logging from 10.0.1 to centrally defined 10.0.0. Update the centrally managed package version to a higher version. 
       MyDesktopApplication.Infrastructure -> Microsoft.EntityFrameworkCore 10.0.1 -> Microsoft.Extensions.Logging (>= 10.0.1) 
       MyDesktopApplication.Infrastructure -> Microsoft.Extensions.Logging (>= 10.0.0)
    /home/kushal/src/dotnet/MyDesktopApplication/tests/MyDesktopApplication.Integration.Tests/MyDesktopApplication.Integration.Tests.csproj : error NU1109: 
      Detected package downgrade: Microsoft.Extensions.Logging from 10.0.1 to centrally defined 10.0.0. Update the centrally managed package version to a higher version. 
       MyDesktopApplication.Integration.Tests -> Microsoft.EntityFrameworkCore.InMemory 10.0.1 -> Microsoft.Extensions.Logging (>= 10.0.1) 
       MyDesktopApplication.Integration.Tests -> Microsoft.Extensions.Logging (>= 10.0.0)
    /home/kushal/src/dotnet/MyDesktopApplication/tests/MyDesktopApplication.Integration.Tests/MyDesktopApplication.Integration.Tests.csproj : error NU1109: 
      Detected package downgrade: Microsoft.Extensions.DependencyInjection.Abstractions from 10.0.1 to centrally defined 10.0.0. Update the centrally managed package version to a higher version. 
       MyDesktopApplication.Integration.Tests -> Microsoft.EntityFrameworkCore.InMemory 10.0.1 -> Microsoft.Extensions.Caching.Memory 10.0.1 -> Microsoft.Extensions.DependencyInjection.Abstractions (>= 10.0.1) 
       MyDesktopApplication.Integration.Tests -> Microsoft.Extensions.DependencyInjection.Abstractions (>= 10.0.0)
    /home/kushal/src/dotnet/MyDesktopApplication/tests/MyDesktopApplication.Integration.Tests/MyDesktopApplication.Integration.Tests.csproj : error NU1109: 
      Detected package downgrade: Microsoft.Extensions.Logging.Abstractions from 10.0.1 to centrally defined 10.0.0. Update the centrally managed package version to a higher version. 
       MyDesktopApplication.Integration.Tests -> Microsoft.EntityFrameworkCore.InMemory 10.0.1 -> Microsoft.Extensions.Caching.Memory 10.0.1 -> Microsoft.Extensions.Logging.Abstractions (>= 10.0.1) 
       MyDesktopApplication.Integration.Tests -> Microsoft.Extensions.Logging.Abstractions (>= 10.0.0)
    /home/kushal/src/dotnet/MyDesktopApplication/src/MyDesktopApplication.Infrastructure/MyDesktopApplication.Infrastructure.csproj : error NU1109: 
      Detected package downgrade: Microsoft.Extensions.DependencyInjection.Abstractions from 10.0.1 to centrally defined 10.0.0. Update the centrally managed package version to a higher version. 
       MyDesktopApplication.Infrastructure -> Microsoft.EntityFrameworkCore 10.0.1 -> Microsoft.Extensions.Caching.Memory 10.0.1 -> Microsoft.Extensions.DependencyInjection.Abstractions (>= 10.0.1) 
       MyDesktopApplication.Infrastructure -> Microsoft.Extensions.DependencyInjection.Abstractions (>= 10.0.0)
    /home/kushal/src/dotnet/MyDesktopApplication/src/MyDesktopApplication.Infrastructure/MyDesktopApplication.Infrastructure.csproj : error NU1109: 
      Detected package downgrade: Microsoft.Extensions.Logging.Abstractions from 10.0.1 to centrally defined 10.0.0. Update the centrally managed package version to a higher version. 
       MyDesktopApplication.Infrastructure -> Microsoft.EntityFrameworkCore 10.0.1 -> Microsoft.Extensions.Caching.Memory 10.0.1 -> Microsoft.Extensions.Logging.Abstractions (>= 10.0.1) 
       MyDesktopApplication.Infrastructure -> Microsoft.Extensions.Logging.Abstractions (>= 10.0.0)
    /home/kushal/src/dotnet/MyDesktopApplication/tests/MyDesktopApplication.UI.Tests/MyDesktopApplication.UI.Tests.csproj : error NU1109: 
      Detected package downgrade: Microsoft.Extensions.Logging from 10.0.1 to centrally defined 10.0.0. Update the centrally managed package version to a higher version. 
       MyDesktopApplication.UI.Tests -> Microsoft.EntityFrameworkCore 10.0.1 -> Microsoft.Extensions.Logging (>= 10.0.1) 
       MyDesktopApplication.UI.Tests -> Microsoft.Extensions.Logging (>= 10.0.0)
    /home/kushal/src/dotnet/MyDesktopApplication/tests/MyDesktopApplication.UI.Tests/MyDesktopApplication.UI.Tests.csproj : error NU1109: 
      Detected package downgrade: Microsoft.Extensions.DependencyInjection.Abstractions from 10.0.1 to centrally defined 10.0.0. Update the centrally managed package version to a higher version. 
       MyDesktopApplication.UI.Tests -> Microsoft.EntityFrameworkCore 10.0.1 -> Microsoft.Extensions.Caching.Memory 10.0.1 -> Microsoft.Extensions.DependencyInjection.Abstractions (>= 10.0.1) 
       MyDesktopApplication.UI.Tests -> Microsoft.Extensions.DependencyInjection.Abstractions (>= 10.0.0)
    /home/kushal/src/dotnet/MyDesktopApplication/tests/MyDesktopApplication.UI.Tests/MyDesktopApplication.UI.Tests.csproj : error NU1109: 
      Detected package downgrade: Microsoft.Extensions.Logging.Abstractions from 10.0.1 to centrally defined 10.0.0. Update the centrally managed package version to a higher version. 
       MyDesktopApplication.UI.Tests -> Microsoft.EntityFrameworkCore 10.0.1 -> Microsoft.Extensions.Caching.Memory 10.0.1 -> Microsoft.Extensions.Logging.Abstractions (>= 10.0.1) 
       MyDesktopApplication.UI.Tests -> Microsoft.Extensions.Logging.Abstractions (>= 10.0.0)
    /home/kushal/src/dotnet/MyDesktopApplication/src/MyDesktopApplication.Android/MyDesktopApplication.Android.csproj : error NU1109: 
      Detected package downgrade: Microsoft.Extensions.Logging from 10.0.1 to centrally defined 10.0.0. Update the centrally managed package version to a higher version. 
       MyDesktopApplication.Android -> Microsoft.EntityFrameworkCore 10.0.1 -> Microsoft.Extensions.Logging (>= 10.0.1) 
       MyDesktopApplication.Android -> Microsoft.Extensions.Logging (>= 10.0.0)
    /home/kushal/src/dotnet/MyDesktopApplication/src/MyDesktopApplication.Android/MyDesktopApplication.Android.csproj : error NU1109: 
      Detected package downgrade: Microsoft.Extensions.DependencyInjection.Abstractions from 10.0.1 to centrally defined 10.0.0. Update the centrally managed package version to a higher version. 
       MyDesktopApplication.Android -> Microsoft.EntityFrameworkCore 10.0.1 -> Microsoft.Extensions.Caching.Memory 10.0.1 -> Microsoft.Extensions.DependencyInjection.Abstractions (>= 10.0.1) 
       MyDesktopApplication.Android -> Microsoft.Extensions.DependencyInjection.Abstractions (>= 10.0.0)
    /home/kushal/src/dotnet/MyDesktopApplication/src/MyDesktopApplication.Android/MyDesktopApplication.Android.csproj : error NU1109: 
      Detected package downgrade: Microsoft.Extensions.Logging.Abstractions from 10.0.1 to centrally defined 10.0.0. Update the centrally managed package version to a higher version. 
       MyDesktopApplication.Android -> Microsoft.EntityFrameworkCore 10.0.1 -> Microsoft.Extensions.Caching.Memory 10.0.1 -> Microsoft.Extensions.Logging.Abstractions (>= 10.0.1) 
       MyDesktopApplication.Android -> Microsoft.Extensions.Logging.Abstractions (>= 10.0.0)
    /home/kushal/src/dotnet/MyDesktopApplication/src/MyDesktopApplication.Desktop/MyDesktopApplication.Desktop.csproj : error NU1109: 
      Detected package downgrade: Microsoft.Extensions.Logging from 10.0.1 to centrally defined 10.0.0. Update the centrally managed package version to a higher version. 
       MyDesktopApplication.Desktop -> Microsoft.EntityFrameworkCore.Design 10.0.1 -> Microsoft.Extensions.Logging (>= 10.0.1) 
       MyDesktopApplication.Desktop -> Microsoft.Extensions.Logging (>= 10.0.0)
    /home/kushal/src/dotnet/MyDesktopApplication/src/MyDesktopApplication.Desktop/MyDesktopApplication.Desktop.csproj : error NU1109: 
      Detected package downgrade: Microsoft.Extensions.DependencyInjection.Abstractions from 10.0.1 to centrally defined 10.0.0. Update the centrally managed package version to a higher version. 
       MyDesktopApplication.Desktop -> Microsoft.EntityFrameworkCore.Design 10.0.1 -> Microsoft.Extensions.Caching.Memory 10.0.1 -> Microsoft.Extensions.DependencyInjection.Abstractions (>= 10.0.1) 
       MyDesktopApplication.Desktop -> Microsoft.Extensions.DependencyInjection.Abstractions (>= 10.0.0)
    /home/kushal/src/dotnet/MyDesktopApplication/src/MyDesktopApplication.Desktop/MyDesktopApplication.Desktop.csproj : error NU1109: 
      Detected package downgrade: Microsoft.Extensions.Logging.Abstractions from 10.0.1 to centrally defined 10.0.0. Update the centrally managed package version to a higher version. 
       MyDesktopApplication.Desktop -> Microsoft.EntityFrameworkCore.Design 10.0.1 -> Microsoft.Extensions.Caching.Memory 10.0.1 -> Microsoft.Extensions.Logging.Abstractions (>= 10.0.1) 
       MyDesktopApplication.Desktop -> Microsoft.Extensions.Logging.Abstractions (>= 10.0.0)

Restore failed with 15 error(s) in 0.9s
kushal@fedora:~/src/dotnet/MyDesktopApplication$ dotnet list package
Restore complete (0.8s)

Build succeeded in 0.9s
Project 'MyDesktopApplication.Android' has the following package references
   [net10.0-android36.0]: 
   Top-level Package                               Requested   Resolved
   > Avalonia                                      11.3.0      11.3.0  
   > Avalonia.Android                              11.3.0      11.3.0  
   > Avalonia.Themes.Fluent                        11.3.0      11.3.0  
   > CommunityToolkit.Mvvm                         8.4.0       8.4.0   
   > Microsoft.Extensions.DependencyInjection      10.0.1      10.0.1  

Project 'MyDesktopApplication.Core' has the following package references
   [net10.0]: No packages were found for this framework.
Project 'MyDesktopApplication.Desktop' has the following package references
   [net10.0]: 
   Top-level Package                               Requested   Resolved
   > Avalonia                                      11.3.0      11.3.0  
   > Avalonia.Desktop                              11.3.0      11.3.0  
   > Avalonia.Diagnostics                          11.3.0      11.3.0  
   > Avalonia.Fonts.Inter                          11.3.0      11.3.0  
   > Avalonia.Themes.Fluent                        11.3.0      11.3.0  
   > CommunityToolkit.Mvvm                         8.4.0       8.4.0   
   > Microsoft.EntityFrameworkCore.Design          10.0.1      10.0.1  
   > Microsoft.Extensions.DependencyInjection      10.0.1      10.0.1  

Project 'MyDesktopApplication.Infrastructure' has the following package references
   [net10.0]: 
   Top-level Package                               Requested   Resolved
   > Microsoft.EntityFrameworkCore                 10.0.1      10.0.1  
   > Microsoft.EntityFrameworkCore.Sqlite          10.0.1      10.0.1  
   > Microsoft.Extensions.DependencyInjection      10.0.1      10.0.1  

Project 'MyDesktopApplication.Shared' has the following package references
   [net10.0]: 
   Top-level Package            Requested   Resolved
   > CommunityToolkit.Mvvm      8.4.0       8.4.0   
   > FluentValidation           11.11.0     11.11.0 

Project 'MyDesktopApplication.Core.Tests' has the following package references
   [net10.0]: 
   Top-level Package                Requested   Resolved
   > coverlet.collector             6.0.4       6.0.4   
   > Microsoft.NET.Test.Sdk         17.14.1     17.14.1 
   > NSubstitute                    5.3.0       5.3.0   
   > Shouldly                       4.3.0       4.3.0   
   > xunit                          2.9.3       2.9.3   
   > xunit.runner.visualstudio      3.1.5       3.1.5   

Project 'MyDesktopApplication.Integration.Tests' has the following package references
   [net10.0]: 
   Top-level Package                             Requested   Resolved
   > coverlet.collector                          6.0.4       6.0.4   
   > Microsoft.EntityFrameworkCore.InMemory      10.0.1      10.0.1  
   > Microsoft.NET.Test.Sdk                      17.14.1     17.14.1 
   > NSubstitute                                 5.3.0       5.3.0   
   > Shouldly                                    4.3.0       4.3.0   
   > xunit                                       2.9.3       2.9.3   
   > xunit.runner.visualstudio                   3.1.5       3.1.5   

Project 'MyDesktopApplication.UI.Tests' has the following package references
   [net10.0]: 
   Top-level Package                Requested   Resolved
   > coverlet.collector             6.0.4       6.0.4   
   > Microsoft.NET.Test.Sdk         17.14.1     17.14.1 
   > NSubstitute                    5.3.0       5.3.0   
   > Shouldly                       4.3.0       4.3.0   
   > xunit                          2.9.3       2.9.3   
   > xunit.runner.visualstudio      3.1.5       3.1.5   

kushal@fedora:~/src/dotnet/MyDesktopApplication$ dotnet list package --outdated
Restore complete (0.6s)

Build succeeded in 0.7s

The following sources were used:
   https://api.nuget.org/v3/index.json

Project `MyDesktopApplication.Android` has the following updates to its packages
   [net10.0-android36.0]: 
   Top-level Package             Requested   Resolved   Latest 
   > Avalonia                    11.3.0      11.3.0     11.3.10
   > Avalonia.Android            11.3.0      11.3.0     11.3.10
   > Avalonia.Themes.Fluent      11.3.0      11.3.0     11.3.10

The given project `MyDesktopApplication.Core` has no updates given the current sources.
Project `MyDesktopApplication.Desktop` has the following updates to its packages
   [net10.0]: 
   Top-level Package             Requested   Resolved   Latest 
   > Avalonia                    11.3.0      11.3.0     11.3.10
   > Avalonia.Desktop            11.3.0      11.3.0     11.3.10
   > Avalonia.Diagnostics        11.3.0      11.3.0     11.3.10
   > Avalonia.Fonts.Inter        11.3.0      11.3.0     11.3.10
   > Avalonia.Themes.Fluent      11.3.0      11.3.0     11.3.10

The given project `MyDesktopApplication.Infrastructure` has no updates given the current sources.
Project `MyDesktopApplication.Shared` has the following updates to its packages
   [net10.0]: 
   Top-level Package       Requested   Resolved   Latest
   > FluentValidation      11.11.0     11.11.0    12.1.1

Project `MyDesktopApplication.Core.Tests` has the following updates to its packages
   [net10.0]: 
   Top-level Package             Requested   Resolved   Latest
   > Microsoft.NET.Test.Sdk      17.14.1     17.14.1    18.0.1

Project `MyDesktopApplication.Integration.Tests` has the following updates to its packages
   [net10.0]: 
   Top-level Package             Requested   Resolved   Latest
   > Microsoft.NET.Test.Sdk      17.14.1     17.14.1    18.0.1

Project `MyDesktopApplication.UI.Tests` has the following updates to its packages
   [net10.0]: 
   Top-level Package             Requested   Resolved   Latest
   > Microsoft.NET.Test.Sdk      17.14.1     17.14.1    18.0.1

kushal@fedora:~/src/dotnet/MyDesktopApplication$ ^C
kushal@fedora:~/src/dotnet/MyDesktopApplication$ dotnet list package --outdated
Restore complete (0.7s)

Build succeeded in 0.8s

The following sources were used:
   https://api.nuget.org/v3/index.json

The given project `MyDesktopApplication.Android` has no updates given the current sources.
The given project `MyDesktopApplication.Core` has no updates given the current sources.
The given project `MyDesktopApplication.Desktop` has no updates given the current sources.
The given project `MyDesktopApplication.Infrastructure` has no updates given the current sources.
The given project `MyDesktopApplication.Shared` has no updates given the current sources.
The given project `MyDesktopApplication.Core.Tests` has no updates given the current sources.
The given project `MyDesktopApplication.Integration.Tests` has no updates given the current sources.
The given project `MyDesktopApplication.UI.Tests` has no updates given the current sources.
kushal@fedora:~/src/dotnet/MyDesktopApplication$ 
