kushal@fedora:~$ cd ~/src/dotnet/MyDesktopApplication/
kushal@fedora:~/src/dotnet/MyDesktopApplication$ dotnet --info
.NET SDK:
 Version:           10.0.100
 Commit:            b0f34d51fc
 Workload version:  10.0.100-manifests.4eab3e0f
 MSBuild version:   18.0.2+b0f34d51f

Runtime Environment:
 OS Name:     fedora
 OS Version:  43
 OS Platform: Linux
 RID:         fedora.43-x64
 Base Path:   /usr/lib64/dotnet/sdk/10.0.100/

.NET workloads installed:
There are no installed workloads to display.
Configured to use workload sets when installing new manifests.
No workload sets are installed. Run "dotnet workload restore" to install a workload set.

Host:
  Version:      10.0.0
  Architecture: x64
  Commit:       b0f34d51fc

.NET SDKs installed:
  10.0.100 [/usr/lib64/dotnet/sdk]

.NET runtimes installed:
  Microsoft.AspNetCore.App 10.0.0 [/usr/lib64/dotnet/shared/Microsoft.AspNetCore.App]
  Microsoft.NETCore.App 10.0.0 [/usr/lib64/dotnet/shared/Microsoft.NETCore.App]

Other architectures found:
  None

Environment variables:
  DOTNET_BUNDLE_EXTRACT_BASE_DIR           [/home/kushal/.cache/dotnet_bundle_extract]
  DOTNET_ROOT                              [/usr/lib64/dotnet]

global.json file:
  Not found

Learn more:
  https://aka.ms/dotnet/info

Download .NET:
  https://aka.ms/dotnet/download
kushal@fedora:~/src/dotnet/MyDesktopApplication$ time dotnet new install Avalonia.Templates
The following template packages will be installed:
   Avalonia.Templates

Success: Avalonia.Templates::11.3.10 installed the following templates:
Template Name                        Short Name                 Language  Tags                                     
-----------------------------------  -------------------------  --------  -----------------------------------------
Avalonia .NET App                    avalonia.app               [C#],F#   Desktop/Xaml/Avalonia/Windows/Linux/macOS
Avalonia .NET MVVM App               avalonia.mvvm              [C#],F#   Desktop/Xaml/Avalonia/Windows/Linux/macOS
Avalonia Cross Platform Application  avalonia.xplat             [C#],F#   Desktop/Xaml/Avalonia/Browser/Mobile     
Avalonia Resource Dictionary         avalonia.resource                    Desktop/Xaml/Avalonia/Windows/Linux/macOS
Avalonia Styles                      avalonia.styles                      Desktop/Xaml/Avalonia/Windows/Linux/macOS
Avalonia TemplatedControl            avalonia.templatedcontrol  [C#],F#   Desktop/Xaml/Avalonia/Windows/Linux/macOS
Avalonia UserControl                 avalonia.usercontrol       [C#],F#   Desktop/Xaml/Avalonia/Windows/Linux/macOS
Avalonia Window                      avalonia.window            [C#],F#   Desktop/Xaml/Avalonia/Windows/Linux/macOS

The following templates might not work because their constraints are not met:
Avalonia TemplatedControl (avalonia.templatedcontrol) C#(identity: Avalonia.TemplatedControl)
   Project capabilities: No project was found at the path: /home/kushal/src/dotnet/MyDesktopApplication. This template can only be created inside the project.
Avalonia UserControl (avalonia.usercontrol) C#(identity: Avalonia.UserControl)
   Project capabilities: No project was found at the path: /home/kushal/src/dotnet/MyDesktopApplication. This template can only be created inside the project.
Avalonia Window (avalonia.window) C#(identity: Avalonia.Window)
   Project capabilities: No project was found at the path: /home/kushal/src/dotnet/MyDesktopApplication. This template can only be created inside the project.
Avalonia TemplatedControl (avalonia.templatedcontrol) F#(identity: Avalonia.TemplatedControl.FSharp)
   Project capabilities: No project was found at the path: /home/kushal/src/dotnet/MyDesktopApplication. This template can only be created inside the project.
Avalonia UserControl (avalonia.usercontrol) F#(identity: Avalonia.UserControl.FSharp)
   Project capabilities: No project was found at the path: /home/kushal/src/dotnet/MyDesktopApplication. This template can only be created inside the project.
Avalonia Window (avalonia.window) F#(identity: Avalonia.Window.FSharp)
   Project capabilities: No project was found at the path: /home/kushal/src/dotnet/MyDesktopApplication. This template can only be created inside the project.
Avalonia Resource Dictionary (avalonia.resource)
   Project capabilities: No project was found at the path: /home/kushal/src/dotnet/MyDesktopApplication. This template can only be created inside the project.
Avalonia Styles (avalonia.styles)
   Project capabilities: No project was found at the path: /home/kushal/src/dotnet/MyDesktopApplication. This template can only be created inside the project.

real	0m1.124s
user	0m0.652s
sys	0m0.125s
kushal@fedora:~/src/dotnet/MyDesktopApplication$ time sh setup.sh
üöÄ Setting up MyDesktopApplication with .NET 10 and Avalonia UI...
üì¶ Installing Avalonia templates...
The following template packages will be installed:
   Avalonia.Templates

Avalonia.Templates (version 11.3.10) is already installed, it will be replaced with latest version.
Avalonia.Templates::11.3.10 was successfully uninstalled.
Success: Avalonia.Templates::11.3.10 installed the following templates:
Template Name                        Short Name                 Language  Tags                                     
-----------------------------------  -------------------------  --------  -----------------------------------------
Avalonia .NET App                    avalonia.app               [C#],F#   Desktop/Xaml/Avalonia/Windows/Linux/macOS
Avalonia .NET MVVM App               avalonia.mvvm              [C#],F#   Desktop/Xaml/Avalonia/Windows/Linux/macOS
Avalonia Cross Platform Application  avalonia.xplat             [C#],F#   Desktop/Xaml/Avalonia/Browser/Mobile     
Avalonia Resource Dictionary         avalonia.resource                    Desktop/Xaml/Avalonia/Windows/Linux/macOS
Avalonia Styles                      avalonia.styles                      Desktop/Xaml/Avalonia/Windows/Linux/macOS
Avalonia TemplatedControl            avalonia.templatedcontrol  [C#],F#   Desktop/Xaml/Avalonia/Windows/Linux/macOS
Avalonia UserControl                 avalonia.usercontrol       [C#],F#   Desktop/Xaml/Avalonia/Windows/Linux/macOS
Avalonia Window                      avalonia.window            [C#],F#   Desktop/Xaml/Avalonia/Windows/Linux/macOS

The following templates might not work because their constraints are not met:
Avalonia TemplatedControl (avalonia.templatedcontrol) C#(identity: Avalonia.TemplatedControl)
   Project capabilities: No project was found at the path: /home/kushal/src/dotnet/MyDesktopApplication. This template can only be created inside the project.
Avalonia UserControl (avalonia.usercontrol) C#(identity: Avalonia.UserControl)
   Project capabilities: No project was found at the path: /home/kushal/src/dotnet/MyDesktopApplication. This template can only be created inside the project.
Avalonia Window (avalonia.window) C#(identity: Avalonia.Window)
   Project capabilities: No project was found at the path: /home/kushal/src/dotnet/MyDesktopApplication. This template can only be created inside the project.
Avalonia TemplatedControl (avalonia.templatedcontrol) F#(identity: Avalonia.TemplatedControl.FSharp)
   Project capabilities: No project was found at the path: /home/kushal/src/dotnet/MyDesktopApplication. This template can only be created inside the project.
Avalonia UserControl (avalonia.usercontrol) F#(identity: Avalonia.UserControl.FSharp)
   Project capabilities: No project was found at the path: /home/kushal/src/dotnet/MyDesktopApplication. This template can only be created inside the project.
Avalonia Window (avalonia.window) F#(identity: Avalonia.Window.FSharp)
   Project capabilities: No project was found at the path: /home/kushal/src/dotnet/MyDesktopApplication. This template can only be created inside the project.
Avalonia Resource Dictionary (avalonia.resource)
   Project capabilities: No project was found at the path: /home/kushal/src/dotnet/MyDesktopApplication. This template can only be created inside the project.
Avalonia Styles (avalonia.styles)
   Project capabilities: No project was found at the path: /home/kushal/src/dotnet/MyDesktopApplication. This template can only be created inside the project.
hint: Using 'master' as the name for the initial branch. This default branch name
hint: will change to "main" in Git 3.0. To configure the initial branch name
hint: to use in all of your new repositories, which will suppress this warning,
hint: call:
hint:
hint: 	git config --global init.defaultBranch <name>
hint:
hint: Names commonly chosen instead of 'master' are 'main', 'trunk' and
hint: 'development'. The just-created branch can be renamed via this command:
hint:
hint: 	git branch -m <name>
hint:
hint: Disable this message with "git config set advice.defaultBranchName false"
Initialized empty Git repository in /home/kushal/src/dotnet/MyDesktopApplication/.git/
üìÑ Creating SLNX solution file...
The template "Solution File" was created successfully.

üèóÔ∏è Creating project structure...
The template "Class Library" was created successfully.

Processing post-creation actions...
Restoring /home/kushal/src/dotnet/MyDesktopApplication/src/MyDesktopApplication.Core/MyDesktopApplication.Core.csproj:
Restore succeeded.


Project `src/MyDesktopApplication.Core/MyDesktopApplication.Core.csproj` added to the solution.
The template "Class Library" was created successfully.

Processing post-creation actions...
Restoring /home/kushal/src/dotnet/MyDesktopApplication/src/MyDesktopApplication.Infrastructure/MyDesktopApplication.Infrastructure.csproj:
Restore succeeded.


Project `src/MyDesktopApplication.Infrastructure/MyDesktopApplication.Infrastructure.csproj` added to the solution.
Error: Invalid option(s):
-f net10.0
   'net10.0' is not a valid value for -f. The possible values are:
      net8.0   - Target net8.0
      net9.0   - Target net9.0

For more information, run:
   dotnet new avalonia.mvvm -h

For details on the exit code, refer to https://aka.ms/templating-exit-codes#127

real	0m3.925s
user	0m3.339s
sys	0m0.540s
kushal@fedora:~/src/dotnet/MyDesktopApplication$ time sh export.sh
Starting project export...
Project Path: /home/kushal/src/dotnet/MyDesktopApplication
Output File: docs/llm/dump.txt
Generating directory structure...
Collecting files...
Found 8 files to export
Processing (1/8): appsettings.json
Processing (2/8): DIrectory.Build.props
Processing (3/8): Directory.Packages.props
Processing (4/8): MyDesktopApplication.slnx
Processing (5/8): src/MyDesktopApplication.Core/Class1.cs
Processing (6/8): src/MyDesktopApplication.Core/MyDesktopApplication.Core.csproj
Processing (7/8): src/MyDesktopApplication.Infrastructure/Class1.cs
Processing (8/8): src/MyDesktopApplication.Infrastructure/MyDesktopApplication.Infrastructure.csproj

Export completed successfully!
Output file: /home/kushal/src/dotnet/MyDesktopApplication/docs/llm/dump.txt
Total files exported: 8
Output file size: 0.01 MB

real	0m0.126s
user	0m0.042s
sys	0m0.095s
kushal@fedora:~/src/dotnet/MyDesktopApplication$ mv DIrectory.Build.props Directory.Build.props
kushal@fedora:~/src/dotnet/MyDesktopApplication$ time sh continue-setup.sh 
üîß Continuing setup from current state...
Creating Shared project...
The template "Class Library" was created successfully.

Processing post-creation actions...
Restoring /home/kushal/src/dotnet/MyDesktopApplication/src/MyDesktopApplication.Shared/MyDesktopApplication.Shared.csproj:
Restore succeeded.


Project `src/MyDesktopApplication.Shared/MyDesktopApplication.Shared.csproj` added to the solution.
üé® Creating Avalonia Desktop project...
The template "Avalonia .NET MVVM App" was created successfully.

Processing post-creation actions...
Restoring /home/kushal/src/dotnet/MyDesktopApplication/src/MyDesktopApplication.Desktop/MyDesktopApplication.Desktop.csproj:
/home/kushal/src/dotnet/MyDesktopApplication/src/MyDesktopApplication.Desktop/MyDesktopApplication.Desktop.csproj : error NU1008: The following PackageReference items cannot define a value for Version: Avalonia, Avalonia.Desktop, Avalonia.Themes.Fluent, Avalonia.Fonts.Inter, Avalonia.Diagnostics, CommunityToolkit.Mvvm. Projects using Central Package Management must define a Version value on a PackageVersion item. For more information, visit https://aka.ms/nuget/cpm/gettingstarted
Restore failed.
Post action failed.
Manual instructions: Run 'dotnet restore'


Project `src/MyDesktopApplication.Desktop/MyDesktopApplication.Desktop.csproj` added to the solution.
‚¨ÜÔ∏è Upgrading to net10.0...
Creating Core.Tests...
The template "xUnit Test Project" was created successfully.

Processing post-creation actions...
Restoring /home/kushal/src/dotnet/MyDesktopApplication/tests/MyDesktopApplication.Core.Tests/MyDesktopApplication.Core.Tests.csproj:
/home/kushal/src/dotnet/MyDesktopApplication/tests/MyDesktopApplication.Core.Tests/MyDesktopApplication.Core.Tests.csproj : error NU1008: The following PackageReference items cannot define a value for Version: coverlet.collector, Microsoft.NET.Test.Sdk, xunit, xunit.runner.visualstudio. Projects using Central Package Management must define a Version value on a PackageVersion item. For more information, visit https://aka.ms/nuget/cpm/gettingstarted
Restore failed.
Post action failed.
Manual instructions: Run 'dotnet restore'


Project `tests/MyDesktopApplication.Core.Tests/MyDesktopApplication.Core.Tests.csproj` added to the solution.
Creating Integration.Tests...
The template "xUnit Test Project" was created successfully.

Processing post-creation actions...
Restoring /home/kushal/src/dotnet/MyDesktopApplication/tests/MyDesktopApplication.Integration.Tests/MyDesktopApplication.Integration.Tests.csproj:
/home/kushal/src/dotnet/MyDesktopApplication/tests/MyDesktopApplication.Integration.Tests/MyDesktopApplication.Integration.Tests.csproj : error NU1008: The following PackageReference items cannot define a value for Version: coverlet.collector, Microsoft.NET.Test.Sdk, xunit, xunit.runner.visualstudio. Projects using Central Package Management must define a Version value on a PackageVersion item. For more information, visit https://aka.ms/nuget/cpm/gettingstarted
Restore failed.
Post action failed.
Manual instructions: Run 'dotnet restore'


Project `tests/MyDesktopApplication.Integration.Tests/MyDesktopApplication.Integration.Tests.csproj` added to the solution.
Creating UI.Tests...
The template "xUnit Test Project" was created successfully.

Processing post-creation actions...
Restoring /home/kushal/src/dotnet/MyDesktopApplication/tests/MyDesktopApplication.UI.Tests/MyDesktopApplication.UI.Tests.csproj:
/home/kushal/src/dotnet/MyDesktopApplication/tests/MyDesktopApplication.UI.Tests/MyDesktopApplication.UI.Tests.csproj : error NU1008: The following PackageReference items cannot define a value for Version: coverlet.collector, Microsoft.NET.Test.Sdk, xunit, xunit.runner.visualstudio. Projects using Central Package Management must define a Version value on a PackageVersion item. For more information, visit https://aka.ms/nuget/cpm/gettingstarted
Restore failed.
Post action failed.
Manual instructions: Run 'dotnet restore'


Project `tests/MyDesktopApplication.UI.Tests/MyDesktopApplication.UI.Tests.csproj` added to the solution.

‚úÖ All projects created!

üìÅ Current solution structure:
<Solution>
  <Folder Name="/src/">
    <Project Path="src/MyDesktopApplication.Core/MyDesktopApplication.Core.csproj" />
    <Project Path="src/MyDesktopApplication.Desktop/MyDesktopApplication.Desktop.csproj" />
    <Project Path="src/MyDesktopApplication.Infrastructure/MyDesktopApplication.Infrastructure.csproj" />
    <Project Path="src/MyDesktopApplication.Shared/MyDesktopApplication.Shared.csproj" />
  </Folder>
  <Folder Name="/tests/">
    <Project Path="tests/MyDesktopApplication.Core.Tests/MyDesktopApplication.Core.Tests.csproj" />
    <Project Path="tests/MyDesktopApplication.Integration.Tests/MyDesktopApplication.Integration.Tests.csproj" />
    <Project Path="tests/MyDesktopApplication.UI.Tests/MyDesktopApplication.UI.Tests.csproj" />
  </Folder>
</Solution>

üîß Next: Run 'dotnet restore' then 'dotnet build'

real	0m6.185s
user	0m5.921s
sys	0m0.917s
kushal@fedora:~/src/dotnet/MyDesktopApplication$ dotnet restore
    /home/kushal/src/dotnet/MyDesktopApplication/tests/MyDesktopApplication.Integration.Tests/MyDesktopApplication.Integration.Tests.csproj : error NU1008: The following PackageReference items cannot define a value for Version: coverlet.collector, Microsoft.NET.Test.Sdk, xunit, xunit.runner.visualstudio. Projects using Central Package Management must define a Version value on a PackageVersion item. For more information, visit https://aka.ms/nuget/cpm/gettingstarted
    /home/kushal/src/dotnet/MyDesktopApplication/src/MyDesktopApplication.Desktop/MyDesktopApplication.Desktop.csproj : error NU1008: The following PackageReference items cannot define a value for Version: Avalonia, Avalonia.Desktop, Avalonia.Themes.Fluent, Avalonia.Fonts.Inter, Avalonia.Diagnostics, CommunityToolkit.Mvvm. Projects using Central Package Management must define a Version value on a PackageVersion item. For more information, visit https://aka.ms/nuget/cpm/gettingstarted
    /home/kushal/src/dotnet/MyDesktopApplication/tests/MyDesktopApplication.UI.Tests/MyDesktopApplication.UI.Tests.csproj : error NU1008: The following PackageReference items cannot define a value for Version: coverlet.collector, Microsoft.NET.Test.Sdk, xunit, xunit.runner.visualstudio. Projects using Central Package Management must define a Version value on a PackageVersion item. For more information, visit https://aka.ms/nuget/cpm/gettingstarted
    /home/kushal/src/dotnet/MyDesktopApplication/tests/MyDesktopApplication.Core.Tests/MyDesktopApplication.Core.Tests.csproj : error NU1008: The following PackageReference items cannot define a value for Version: coverlet.collector, Microsoft.NET.Test.Sdk, xunit, xunit.runner.visualstudio. Projects using Central Package Management must define a Version value on a PackageVersion item. For more information, visit https://aka.ms/nuget/cpm/gettingstarted

Restore failed with 4 error(s) in 1.0s
kushal@fedora:~/src/dotnet/MyDesktopApplication$ time sh export.sh
Starting project export...
Project Path: /home/kushal/src/dotnet/MyDesktopApplication
Output File: docs/llm/dump.txt
Generating directory structure...
Collecting files...
Found 23 files to export
Processing (1/23): appsettings.json
Processing (2/23): Directory.Build.props
Processing (3/23): Directory.Packages.props
Processing (4/23): MyDesktopApplication.slnx
Processing (5/23): src/MyDesktopApplication.Core/Class1.cs
Processing (6/23): src/MyDesktopApplication.Core/MyDesktopApplication.Core.csproj
Processing (7/23): src/MyDesktopApplication.Desktop/App.axaml.cs
Processing (8/23): src/MyDesktopApplication.Desktop/MyDesktopApplication.Desktop.csproj
Processing (9/23): src/MyDesktopApplication.Desktop/Program.cs
Processing (10/23): src/MyDesktopApplication.Desktop/ViewLocator.cs
Processing (11/23): src/MyDesktopApplication.Desktop/ViewModels/MainWindowViewModel.cs
Processing (12/23): src/MyDesktopApplication.Desktop/ViewModels/ViewModelBase.cs
Processing (13/23): src/MyDesktopApplication.Desktop/Views/MainWindow.axaml.cs
Processing (14/23): src/MyDesktopApplication.Infrastructure/Class1.cs
Processing (15/23): src/MyDesktopApplication.Infrastructure/MyDesktopApplication.Infrastructure.csproj
Processing (16/23): src/MyDesktopApplication.Shared/Class1.cs
Processing (17/23): src/MyDesktopApplication.Shared/MyDesktopApplication.Shared.csproj
Processing (18/23): tests/MyDesktopApplication.Core.Tests/MyDesktopApplication.Core.Tests.csproj
Processing (19/23): tests/MyDesktopApplication.Core.Tests/UnitTest1.cs
Processing (20/23): tests/MyDesktopApplication.Integration.Tests/MyDesktopApplication.Integration.Tests.csproj
Processing (21/23): tests/MyDesktopApplication.Integration.Tests/UnitTest1.cs
Processing (22/23): tests/MyDesktopApplication.UI.Tests/MyDesktopApplication.UI.Tests.csproj
Processing (23/23): tests/MyDesktopApplication.UI.Tests/UnitTest1.cs

Export completed successfully!
Output file: /home/kushal/src/dotnet/MyDesktopApplication/docs/llm/dump.txt
Total files exported: 23
Output file size: 0.02 MB

real	0m0.281s
user	0m0.110s
sys	0m0.228s
kushal@fedora:~/src/dotnet/MyDesktopApplication$ time sh fix-cpm.sh 
üîß Fixing Central Package Management compatibility...
  Fixing: src/MyDesktopApplication.Desktop/MyDesktopApplication.Desktop.csproj
  Fixing: tests/MyDesktopApplication.Core.Tests/MyDesktopApplication.Core.Tests.csproj
  Fixing: tests/MyDesktopApplication.Integration.Tests/MyDesktopApplication.Integration.Tests.csproj
  Fixing: tests/MyDesktopApplication.UI.Tests/MyDesktopApplication.UI.Tests.csproj

‚úÖ Fixed! Now run:
   dotnet restore
   dotnet build

real	0m0.033s
user	0m0.006s
sys	0m0.021s
kushal@fedora:~/src/dotnet/MyDesktopApplication$ time dotnet restore
Restore complete (9.3s)

Build succeeded in 9.4s

real	0m9.576s
user	0m8.355s
sys	0m3.097s
kushal@fedora:~/src/dotnet/MyDesktopApplication$ time dotnet build
Restore complete (0.5s)
  MyDesktopApplication.Infrastructure net10.0 succeeded (2.5s) ‚Üí src/MyDesktopApplication.Infrastructure/bin/Debug/net10.0/MyDesktopApplication.Infrastructure.dll
  MyDesktopApplication.Shared net10.0 succeeded (2.5s) ‚Üí src/MyDesktopApplication.Shared/bin/Debug/net10.0/MyDesktopApplication.Shared.dll
  MyDesktopApplication.Core net10.0 succeeded (2.4s) ‚Üí src/MyDesktopApplication.Core/bin/Debug/net10.0/MyDesktopApplication.Core.dll
  MyDesktopApplication.Integration.Tests net10.0 succeeded (2.5s) ‚Üí tests/MyDesktopApplication.Integration.Tests/bin/Debug/net10.0/MyDesktopApplication.Integration.Tests.dll
  MyDesktopApplication.Core.Tests net10.0 succeeded (2.5s) ‚Üí tests/MyDesktopApplication.Core.Tests/bin/Debug/net10.0/MyDesktopApplication.Core.Tests.dll
  MyDesktopApplication.UI.Tests net10.0 succeeded (2.5s) ‚Üí tests/MyDesktopApplication.UI.Tests/bin/Debug/net10.0/MyDesktopApplication.UI.Tests.dll
  MyDesktopApplication.Desktop net10.0 succeeded (3.0s) ‚Üí src/MyDesktopApplication.Desktop/bin/Debug/net10.0/MyDesktopApplication.Desktop.dll

Build succeeded in 3.7s

real	0m3.803s
user	0m1.931s
sys	0m0.389s
kushal@fedora:~/src/dotnet/MyDesktopApplication$ time sh export.sh
Starting project export...
Project Path: /home/kushal/src/dotnet/MyDesktopApplication
Output File: docs/llm/dump.txt
Generating directory structure...
Collecting files...
Found 23 files to export
Processing (1/23): appsettings.json
Processing (2/23): Directory.Build.props
Processing (3/23): Directory.Packages.props
Processing (4/23): MyDesktopApplication.slnx
Processing (5/23): src/MyDesktopApplication.Core/Class1.cs
Processing (6/23): src/MyDesktopApplication.Core/MyDesktopApplication.Core.csproj
Processing (7/23): src/MyDesktopApplication.Desktop/App.axaml.cs
Processing (8/23): src/MyDesktopApplication.Desktop/MyDesktopApplication.Desktop.csproj
Processing (9/23): src/MyDesktopApplication.Desktop/Program.cs
Processing (10/23): src/MyDesktopApplication.Desktop/ViewLocator.cs
Processing (11/23): src/MyDesktopApplication.Desktop/ViewModels/MainWindowViewModel.cs
Processing (12/23): src/MyDesktopApplication.Desktop/ViewModels/ViewModelBase.cs
Processing (13/23): src/MyDesktopApplication.Desktop/Views/MainWindow.axaml.cs
Processing (14/23): src/MyDesktopApplication.Infrastructure/Class1.cs
Processing (15/23): src/MyDesktopApplication.Infrastructure/MyDesktopApplication.Infrastructure.csproj
Processing (16/23): src/MyDesktopApplication.Shared/Class1.cs
Processing (17/23): src/MyDesktopApplication.Shared/MyDesktopApplication.Shared.csproj
Processing (18/23): tests/MyDesktopApplication.Core.Tests/MyDesktopApplication.Core.Tests.csproj
Processing (19/23): tests/MyDesktopApplication.Core.Tests/UnitTest1.cs
Processing (20/23): tests/MyDesktopApplication.Integration.Tests/MyDesktopApplication.Integration.Tests.csproj
Processing (21/23): tests/MyDesktopApplication.Integration.Tests/UnitTest1.cs
Processing (22/23): tests/MyDesktopApplication.UI.Tests/MyDesktopApplication.UI.Tests.csproj
Processing (23/23): tests/MyDesktopApplication.UI.Tests/UnitTest1.cs

Export completed successfully!
Output file: /home/kushal/src/dotnet/MyDesktopApplication/docs/llm/dump.txt
Total files exported: 23
Output file size: 0.02 MB

real	0m0.283s
user	0m0.099s
sys	0m0.240s
kushal@fedora:~/src/dotnet/MyDesktopApplication$ time sh setup-project.sh 
==============================================
  MyDesktopApplication Setup Script
==============================================

‚úì Creating Directory.Build.props...
‚úì Creating Directory.Packages.props...
‚úì Updating project files for Central Package Management...
‚úì Creating appsettings.json...
‚úì Creating .gitignore...
‚úì Creating README.md...

‚úì Running dotnet restore...
Restore complete (4.2s)

Build succeeded in 4.3s
‚úì Restore successful!

‚úì Running dotnet build...
  MyDesktopApplication.Desktop net10.0 failed with 9 error(s) (0.4s)
    /home/kushal/src/dotnet/MyDesktopApplication/src/MyDesktopApplication.Desktop/Views/MainWindow.axaml(32,29,32,29): Avalonia error AVLN2000: Unable to resolve property or method of name 'NavigateToHomeCommand' on type 'MyDesktopApplication.Desktop.ViewModels.MainWindowViewModel'. Line 32, position 29.
    /home/kushal/src/dotnet/MyDesktopApplication/src/MyDesktopApplication.Desktop/Views/MainWindow.axaml(34,29,34,29): Avalonia error AVLN2000: Unable to resolve property or method of name 'NavigateToSettingsCommand' on type 'MyDesktopApplication.Desktop.ViewModels.MainWindowViewModel'. Line 34, position 29.
    /home/kushal/src/dotnet/MyDesktopApplication/src/MyDesktopApplication.Desktop/Views/MainWindow.axaml(50,28,50,28): Avalonia error AVLN2000: Unable to resolve property or method of name 'Counter' on type 'MyDesktopApplication.Desktop.ViewModels.MainWindowViewModel'. Line 50, position 28.
    /home/kushal/src/dotnet/MyDesktopApplication/src/MyDesktopApplication.Desktop/Views/MainWindow.axaml(59,29,59,29): Avalonia error AVLN2000: Unable to resolve property or method of name 'IncrementCounterCommand' on type 'MyDesktopApplication.Desktop.ViewModels.MainWindowViewModel'. Line 59, position 29.
    /home/kushal/src/dotnet/MyDesktopApplication/src/MyDesktopApplication.Desktop/Views/MainWindow.axaml(65,29,65,29): Avalonia error AVLN2000: Unable to resolve property or method of name 'LoadDataCommand' on type 'MyDesktopApplication.Desktop.ViewModels.MainWindowViewModel'. Line 65, position 29.
    /home/kushal/src/dotnet/MyDesktopApplication/src/MyDesktopApplication.Desktop/Views/MainWindow.axaml(66,29,66,29): Avalonia error AVLN2000: Unable to resolve property or method of name 'IsBusy' on type 'MyDesktopApplication.Desktop.ViewModels.MainWindowViewModel'. Line 66, position 29.
    /home/kushal/src/dotnet/MyDesktopApplication/src/MyDesktopApplication.Desktop/Views/MainWindow.axaml(73,30,73,30): Avalonia error AVLN2000: Unable to resolve property or method of name 'IsBusy' on type 'MyDesktopApplication.Desktop.ViewModels.MainWindowViewModel'. Line 73, position 30.
    /home/kushal/src/dotnet/MyDesktopApplication/src/MyDesktopApplication.Desktop/Views/MainWindow.axaml(77,33,77,33): Avalonia error AVLN2000: Unable to resolve property or method of name 'CurrentPage' on type 'MyDesktopApplication.Desktop.ViewModels.MainWindowViewModel'. Line 77, position 33.
    /home/kushal/src/dotnet/MyDesktopApplication/src/MyDesktopApplication.Desktop/Views/MainWindow.axaml(91,28,91,28): Avalonia error AVLN2000: Unable to resolve property or method of name 'Counter' on type 'MyDesktopApplication.Desktop.ViewModels.MainWindowViewModel'. Line 91, position 28.
  MyDesktopApplication.Core net10.0 succeeded (0.3s) ‚Üí src/MyDesktopApplication.Core/bin/Debug/net10.0/MyDesktopApplication.Core.dll
  MyDesktopApplication.Shared net10.0 succeeded (0.1s) ‚Üí src/MyDesktopApplication.Shared/bin/Debug/net10.0/MyDesktopApplication.Shared.dll
  MyDesktopApplication.Core.Tests net10.0 succeeded (0.1s) ‚Üí tests/MyDesktopApplication.Core.Tests/bin/Debug/net10.0/MyDesktopApplication.Core.Tests.dll
  MyDesktopApplication.Infrastructure net10.0 succeeded (0.1s) ‚Üí src/MyDesktopApplication.Infrastructure/bin/Debug/net10.0/MyDesktopApplication.Infrastructure.dll
  MyDesktopApplication.Integration.Tests net10.0 succeeded (0.2s) ‚Üí tests/MyDesktopApplication.Integration.Tests/bin/Debug/net10.0/MyDesktopApplication.Integration.Tests.dll

Build failed with 9 error(s) in 1.0s
‚úó Build failed. Check errors above.

real	0m5.649s
user	0m5.667s
sys	0m1.769s
kushal@fedora:~/src/dotnet/MyDesktopApplication$ dotnet restore
Restore complete (0.5s)

Build succeeded in 0.6s
kushal@fedora:~/src/dotnet/MyDesktopApplication$ time dotnet build
Restore complete (0.5s)
  MyDesktopApplication.Desktop net10.0 succeeded (0.1s) ‚Üí src/MyDesktopApplication.Desktop/bin/Debug/net10.0/MyDesktopApplication.Desktop.dll
  MyDesktopApplication.UI.Tests net10.0 succeeded (0.1s) ‚Üí tests/MyDesktopApplication.UI.Tests/bin/Debug/net10.0/MyDesktopApplication.UI.Tests.dll
  MyDesktopApplication.Core net10.0 succeeded (0.2s) ‚Üí src/MyDesktopApplication.Core/bin/Debug/net10.0/MyDesktopApplication.Core.dll
  MyDesktopApplication.Infrastructure net10.0 succeeded (0.0s) ‚Üí src/MyDesktopApplication.Infrastructure/bin/Debug/net10.0/MyDesktopApplication.Infrastructure.dll
  MyDesktopApplication.Shared net10.0 succeeded (0.0s) ‚Üí src/MyDesktopApplication.Shared/bin/Debug/net10.0/MyDesktopApplication.Shared.dll
  MyDesktopApplication.Core.Tests net10.0 succeeded (0.0s) ‚Üí tests/MyDesktopApplication.Core.Tests/bin/Debug/net10.0/MyDesktopApplication.Core.Tests.dll
  MyDesktopApplication.Integration.Tests net10.0 succeeded (0.1s) ‚Üí tests/MyDesktopApplication.Integration.Tests/bin/Debug/net10.0/MyDesktopApplication.Integration.Tests.dll

Build succeeded in 1.0s

real	0m1.128s
user	0m1.342s
sys	0m0.364s
kushal@fedora:~/src/dotnet/MyDesktopApplication$ time sh export.sh
Starting project export...
Project Path: /home/kushal/src/dotnet/MyDesktopApplication
Output File: docs/llm/dump.txt
Generating directory structure...
Collecting files...
Found 23 files to export
Processing (1/23): appsettings.json
Processing (2/23): Directory.Build.props
Processing (3/23): Directory.Packages.props
Processing (4/23): MyDesktopApplication.slnx
Processing (5/23): src/MyDesktopApplication.Core/Class1.cs
Processing (6/23): src/MyDesktopApplication.Core/MyDesktopApplication.Core.csproj
Processing (7/23): src/MyDesktopApplication.Desktop/App.axaml.cs
Processing (8/23): src/MyDesktopApplication.Desktop/MyDesktopApplication.Desktop.csproj
Processing (9/23): src/MyDesktopApplication.Desktop/Program.cs
Processing (10/23): src/MyDesktopApplication.Desktop/ViewLocator.cs
Processing (11/23): src/MyDesktopApplication.Desktop/ViewModels/MainWindowViewModel.cs
Processing (12/23): src/MyDesktopApplication.Desktop/ViewModels/ViewModelBase.cs
Processing (13/23): src/MyDesktopApplication.Desktop/Views/MainWindow.axaml.cs
Processing (14/23): src/MyDesktopApplication.Infrastructure/Class1.cs
Processing (15/23): src/MyDesktopApplication.Infrastructure/MyDesktopApplication.Infrastructure.csproj
Processing (16/23): src/MyDesktopApplication.Shared/Class1.cs
Processing (17/23): src/MyDesktopApplication.Shared/MyDesktopApplication.Shared.csproj
Processing (18/23): tests/MyDesktopApplication.Core.Tests/MyDesktopApplication.Core.Tests.csproj
Processing (19/23): tests/MyDesktopApplication.Core.Tests/UnitTest1.cs
Processing (20/23): tests/MyDesktopApplication.Integration.Tests/MyDesktopApplication.Integration.Tests.csproj
Processing (21/23): tests/MyDesktopApplication.Integration.Tests/UnitTest1.cs
Processing (22/23): tests/MyDesktopApplication.UI.Tests/MyDesktopApplication.UI.Tests.csproj
Processing (23/23): tests/MyDesktopApplication.UI.Tests/UnitTest1.cs

Export completed successfully!
Output file: /home/kushal/src/dotnet/MyDesktopApplication/docs/llm/dump.txt
Total files exported: 23
Output file size: 0.02 MB

real	0m0.277s
user	0m0.115s
sys	0m0.216s
kushal@fedora:~/src/dotnet/MyDesktopApplication$ dotnet run --project src/MyDesktopApplication.Desktop
/home/kushal/src/dotnet/MyDesktopApplication/src/MyDesktopApplication.Desktop/Views/MainWindow.axaml(32,29,32,29): Avalonia error AVLN2000: Unable to resolve property or method of name 'NavigateToHomeCommand' on type 'MyDesktopApplication.Desktop.ViewModels.MainWindowViewModel'. Line 32, position 29.
/home/kushal/src/dotnet/MyDesktopApplication/src/MyDesktopApplication.Desktop/Views/MainWindow.axaml(34,29,34,29): Avalonia error AVLN2000: Unable to resolve property or method of name 'NavigateToSettingsCommand' on type 'MyDesktopApplication.Desktop.ViewModels.MainWindowViewModel'. Line 34, position 29.
/home/kushal/src/dotnet/MyDesktopApplication/src/MyDesktopApplication.Desktop/Views/MainWindow.axaml(50,28,50,28): Avalonia error AVLN2000: Unable to resolve property or method of name 'Counter' on type 'MyDesktopApplication.Desktop.ViewModels.MainWindowViewModel'. Line 50, position 28.
/home/kushal/src/dotnet/MyDesktopApplication/src/MyDesktopApplication.Desktop/Views/MainWindow.axaml(59,29,59,29): Avalonia error AVLN2000: Unable to resolve property or method of name 'IncrementCounterCommand' on type 'MyDesktopApplication.Desktop.ViewModels.MainWindowViewModel'. Line 59, position 29.
/home/kushal/src/dotnet/MyDesktopApplication/src/MyDesktopApplication.Desktop/Views/MainWindow.axaml(65,29,65,29): Avalonia error AVLN2000: Unable to resolve property or method of name 'LoadDataCommand' on type 'MyDesktopApplication.Desktop.ViewModels.MainWindowViewModel'. Line 65, position 29.
/home/kushal/src/dotnet/MyDesktopApplication/src/MyDesktopApplication.Desktop/Views/MainWindow.axaml(66,29,66,29): Avalonia error AVLN2000: Unable to resolve property or method of name 'IsBusy' on type 'MyDesktopApplication.Desktop.ViewModels.MainWindowViewModel'. Line 66, position 29.
/home/kushal/src/dotnet/MyDesktopApplication/src/MyDesktopApplication.Desktop/Views/MainWindow.axaml(73,30,73,30): Avalonia error AVLN2000: Unable to resolve property or method of name 'IsBusy' on type 'MyDesktopApplication.Desktop.ViewModels.MainWindowViewModel'. Line 73, position 30.
/home/kushal/src/dotnet/MyDesktopApplication/src/MyDesktopApplication.Desktop/Views/MainWindow.axaml(77,33,77,33): Avalonia error AVLN2000: Unable to resolve property or method of name 'CurrentPage' on type 'MyDesktopApplication.Desktop.ViewModels.MainWindowViewModel'. Line 77, position 33.
/home/kushal/src/dotnet/MyDesktopApplication/src/MyDesktopApplication.Desktop/Views/MainWindow.axaml(91,28,91,28): Avalonia error AVLN2000: Unable to resolve property or method of name 'Counter' on type 'MyDesktopApplication.Desktop.ViewModels.MainWindowViewModel'. Line 91, position 28.

The build failed. Fix the build errors and run again.
kushal@fedora:~/src/dotnet/MyDesktopApplication$ time sh export.sh 
Starting project export...
Project Path: /home/kushal/src/dotnet/MyDesktopApplication
Output File: docs/llm/dump.txt
Generating directory structure...
Collecting files...
Found 23 files to export
Processing (1/23): appsettings.json
Processing (2/23): Directory.Build.props
Processing (3/23): Directory.Packages.props
Processing (4/23): MyDesktopApplication.slnx
Processing (5/23): src/MyDesktopApplication.Core/Class1.cs
Processing (6/23): src/MyDesktopApplication.Core/MyDesktopApplication.Core.csproj
Processing (7/23): src/MyDesktopApplication.Desktop/App.axaml.cs
Processing (8/23): src/MyDesktopApplication.Desktop/MyDesktopApplication.Desktop.csproj
Processing (9/23): src/MyDesktopApplication.Desktop/Program.cs
Processing (10/23): src/MyDesktopApplication.Desktop/ViewLocator.cs
Processing (11/23): src/MyDesktopApplication.Desktop/ViewModels/MainWindowViewModel.cs
Processing (12/23): src/MyDesktopApplication.Desktop/ViewModels/ViewModelBase.cs
Processing (13/23): src/MyDesktopApplication.Desktop/Views/MainWindow.axaml.cs
Processing (14/23): src/MyDesktopApplication.Infrastructure/Class1.cs
Processing (15/23): src/MyDesktopApplication.Infrastructure/MyDesktopApplication.Infrastructure.csproj
Processing (16/23): src/MyDesktopApplication.Shared/Class1.cs
Processing (17/23): src/MyDesktopApplication.Shared/MyDesktopApplication.Shared.csproj
Processing (18/23): tests/MyDesktopApplication.Core.Tests/MyDesktopApplication.Core.Tests.csproj
Processing (19/23): tests/MyDesktopApplication.Core.Tests/UnitTest1.cs
Processing (20/23): tests/MyDesktopApplication.Integration.Tests/MyDesktopApplication.Integration.Tests.csproj
Processing (21/23): tests/MyDesktopApplication.Integration.Tests/UnitTest1.cs
Processing (22/23): tests/MyDesktopApplication.UI.Tests/MyDesktopApplication.UI.Tests.csproj
Processing (23/23): tests/MyDesktopApplication.UI.Tests/UnitTest1.cs

Export completed successfully!
Output file: /home/kushal/src/dotnet/MyDesktopApplication/docs/llm/dump.txt
Total files exported: 23
Output file size: 0.02 MB

real	0m0.274s
user	0m0.100s
sys	0m0.225s
kushal@fedora:~/src/dotnet/MyDesktopApplication$ time sh setup-all.sh 
==============================================
  MyDesktopApplication - Full Setup
==============================================
‚úì Creating Directory.Build.props...
‚úì Creating Directory.Packages.props...
‚úì Updating src/MyDesktopApplication.Desktop/MyDesktopApplication.Desktop.csproj...
‚úì Updating src/MyDesktopApplication.Core/MyDesktopApplication.Core.csproj...
‚úì Updating src/MyDesktopApplication.Infrastructure/MyDesktopApplication.Infrastructure.csproj...
‚úì Updating src/MyDesktopApplication.Shared/MyDesktopApplication.Shared.csproj...
‚úì Updating tests/MyDesktopApplication.Core.Tests/MyDesktopApplication.Core.Tests.csproj...
‚úì Updating tests/MyDesktopApplication.Integration.Tests/MyDesktopApplication.Integration.Tests.csproj...
‚úì Updating tests/MyDesktopApplication.UI.Tests/MyDesktopApplication.UI.Tests.csproj...
‚úì Updating src/MyDesktopApplication.Desktop/ViewModels/ViewModelBase.cs...
‚úì Updating src/MyDesktopApplication.Desktop/ViewModels/MainWindowViewModel.cs...
‚úì Updating src/MyDesktopApplication.Desktop/Views/MainWindow.axaml...
‚úì Updating src/MyDesktopApplication.Desktop/Views/MainWindow.axaml.cs...
‚úì Updating src/MyDesktopApplication.Desktop/App.axaml...
‚úì Updating src/MyDesktopApplication.Desktop/App.axaml.cs...
‚úì Updating src/MyDesktopApplication.Desktop/Program.cs...
‚úì Updating src/MyDesktopApplication.Core/Class1.cs...
‚úì Updating src/MyDesktopApplication.Infrastructure/Class1.cs...
‚úì Updating src/MyDesktopApplication.Shared/Class1.cs...
‚úì Updating tests/MyDesktopApplication.Core.Tests/UnitTest1.cs...
‚úì Updating tests/MyDesktopApplication.Integration.Tests/UnitTest1.cs...
‚úì Updating tests/MyDesktopApplication.UI.Tests/UnitTest1.cs...
‚úì Creating appsettings.json...
‚úì Creating .gitignore...
‚úì Creating README.md...

‚úì Running dotnet restore...
Restore complete (0.6s)

Build succeeded in 0.8s

‚úì Running dotnet build...
Restore complete (0.5s)
  MyDesktopApplication.Core net10.0 succeeded (0.3s) ‚Üí src/MyDesktopApplication.Core/bin/Debug/net10.0/MyDesktopApplication.Core.dll
  MyDesktopApplication.Shared net10.0 succeeded (0.1s) ‚Üí src/MyDesktopApplication.Shared/bin/Debug/net10.0/MyDesktopApplication.Shared.dll
  MyDesktopApplication.Infrastructure net10.0 succeeded (0.1s) ‚Üí src/MyDesktopApplication.Infrastructure/bin/Debug/net10.0/MyDesktopApplication.Infrastructure.dll
  MyDesktopApplication.Core.Tests net10.0 succeeded (0.2s) ‚Üí tests/MyDesktopApplication.Core.Tests/bin/Debug/net10.0/MyDesktopApplication.Core.Tests.dll
  MyDesktopApplication.Integration.Tests net10.0 succeeded (0.1s) ‚Üí tests/MyDesktopApplication.Integration.Tests/bin/Debug/net10.0/MyDesktopApplication.Integration.Tests.dll
  MyDesktopApplication.Desktop net10.0 succeeded (0.8s) ‚Üí src/MyDesktopApplication.Desktop/bin/Debug/net10.0/MyDesktopApplication.Desktop.dll
  MyDesktopApplication.UI.Tests net10.0 succeeded (0.1s) ‚Üí tests/MyDesktopApplication.UI.Tests/bin/Debug/net10.0/MyDesktopApplication.UI.Tests.dll

Build succeeded in 1.6s

==============================================
  Setup Complete!
==============================================

Run the application:
  dotnet run --project src/MyDesktopApplication.Desktop

Run tests:
  dotnet test


real	0m2.678s
user	0m2.433s
sys	0m0.576s
kushal@fedora:~/src/dotnet/MyDesktopApplication$ time sh export.sh 
Starting project export...
Project Path: /home/kushal/src/dotnet/MyDesktopApplication
Output File: docs/llm/dump.txt
Generating directory structure...
Collecting files...
Found 23 files to export
Processing (1/23): appsettings.json
Processing (2/23): Directory.Build.props
Processing (3/23): Directory.Packages.props
Processing (4/23): MyDesktopApplication.slnx
Processing (5/23): src/MyDesktopApplication.Core/Class1.cs
Processing (6/23): src/MyDesktopApplication.Core/MyDesktopApplication.Core.csproj
Processing (7/23): src/MyDesktopApplication.Desktop/App.axaml.cs
Processing (8/23): src/MyDesktopApplication.Desktop/MyDesktopApplication.Desktop.csproj
Processing (9/23): src/MyDesktopApplication.Desktop/Program.cs
Processing (10/23): src/MyDesktopApplication.Desktop/ViewLocator.cs
Processing (11/23): src/MyDesktopApplication.Desktop/ViewModels/MainWindowViewModel.cs
Processing (12/23): src/MyDesktopApplication.Desktop/ViewModels/ViewModelBase.cs
Processing (13/23): src/MyDesktopApplication.Desktop/Views/MainWindow.axaml.cs
Processing (14/23): src/MyDesktopApplication.Infrastructure/Class1.cs
Processing (15/23): src/MyDesktopApplication.Infrastructure/MyDesktopApplication.Infrastructure.csproj
Processing (16/23): src/MyDesktopApplication.Shared/Class1.cs
Processing (17/23): src/MyDesktopApplication.Shared/MyDesktopApplication.Shared.csproj
Processing (18/23): tests/MyDesktopApplication.Core.Tests/MyDesktopApplication.Core.Tests.csproj
Processing (19/23): tests/MyDesktopApplication.Core.Tests/UnitTest1.cs
Processing (20/23): tests/MyDesktopApplication.Integration.Tests/MyDesktopApplication.Integration.Tests.csproj
Processing (21/23): tests/MyDesktopApplication.Integration.Tests/UnitTest1.cs
Processing (22/23): tests/MyDesktopApplication.UI.Tests/MyDesktopApplication.UI.Tests.csproj
Processing (23/23): tests/MyDesktopApplication.UI.Tests/UnitTest1.cs

Export completed successfully!
Output file: /home/kushal/src/dotnet/MyDesktopApplication/docs/llm/dump.txt
Total files exported: 23
Output file size: 0.03 MB

real	0m0.281s
user	0m0.113s
sys	0m0.223s
kushal@fedora:~/src/dotnet/MyDesktopApplication$ time dotnet run --project src/MyDesktopApplication.Desktop

real	0m50.831s
user	0m5.809s
sys	0m0.802s
kushal@fedora:~/src/dotnet/MyDesktopApplication$ time sh export.sh 
Starting project export...
Project Path: /home/kushal/src/dotnet/MyDesktopApplication
Output File: docs/llm/dump.txt
Generating directory structure...
Collecting files...
Found 23 files to export
Processing (1/23): appsettings.json
Processing (2/23): Directory.Build.props
Processing (3/23): Directory.Packages.props
Processing (4/23): MyDesktopApplication.slnx
Processing (5/23): src/MyDesktopApplication.Core/Class1.cs
Processing (6/23): src/MyDesktopApplication.Core/MyDesktopApplication.Core.csproj
Processing (7/23): src/MyDesktopApplication.Desktop/App.axaml.cs
Processing (8/23): src/MyDesktopApplication.Desktop/MyDesktopApplication.Desktop.csproj
Processing (9/23): src/MyDesktopApplication.Desktop/Program.cs
Processing (10/23): src/MyDesktopApplication.Desktop/ViewLocator.cs
Processing (11/23): src/MyDesktopApplication.Desktop/ViewModels/MainWindowViewModel.cs
Processing (12/23): src/MyDesktopApplication.Desktop/ViewModels/ViewModelBase.cs
Processing (13/23): src/MyDesktopApplication.Desktop/Views/MainWindow.axaml.cs
Processing (14/23): src/MyDesktopApplication.Infrastructure/Class1.cs
Processing (15/23): src/MyDesktopApplication.Infrastructure/MyDesktopApplication.Infrastructure.csproj
Processing (16/23): src/MyDesktopApplication.Shared/Class1.cs
Processing (17/23): src/MyDesktopApplication.Shared/MyDesktopApplication.Shared.csproj
Processing (18/23): tests/MyDesktopApplication.Core.Tests/MyDesktopApplication.Core.Tests.csproj
Processing (19/23): tests/MyDesktopApplication.Core.Tests/UnitTest1.cs
Processing (20/23): tests/MyDesktopApplication.Integration.Tests/MyDesktopApplication.Integration.Tests.csproj
Processing (21/23): tests/MyDesktopApplication.Integration.Tests/UnitTest1.cs
Processing (22/23): tests/MyDesktopApplication.UI.Tests/MyDesktopApplication.UI.Tests.csproj
Processing (23/23): tests/MyDesktopApplication.UI.Tests/UnitTest1.cs

Export completed successfully!
Output file: /home/kushal/src/dotnet/MyDesktopApplication/docs/llm/dump.txt
Total files exported: 23
Output file size: 0.03 MB

real	0m0.280s
user	0m0.110s
sys	0m0.225s
kushal@fedora:~/src/dotnet/MyDesktopApplication$ time dotnet test
Restore complete (0.7s)
  MyDesktopApplication.Core net10.0 succeeded (0.2s) ‚Üí src/MyDesktopApplication.Core/bin/Debug/net10.0/MyDesktopApplication.Core.dll
  MyDesktopApplication.Infrastructure net10.0 succeeded (0.1s) ‚Üí src/MyDesktopApplication.Infrastructure/bin/Debug/net10.0/MyDesktopApplication.Infrastructure.dll
  MyDesktopApplication.Core.Tests net10.0 succeeded (0.1s) ‚Üí tests/MyDesktopApplication.Core.Tests/bin/Debug/net10.0/MyDesktopApplication.Core.Tests.dll
  MyDesktopApplication.Desktop net10.0 succeeded (0.4s) ‚Üí src/MyDesktopApplication.Desktop/bin/Debug/net10.0/MyDesktopApplication.Desktop.dll
  MyDesktopApplication.Integration.Tests net10.0 succeeded (0.1s) ‚Üí tests/MyDesktopApplication.Integration.Tests/bin/Debug/net10.0/MyDesktopApplication.Integration.Tests.dll
  MyDesktopApplication.UI.Tests net10.0 succeeded (0.1s) ‚Üí tests/MyDesktopApplication.UI.Tests/bin/Debug/net10.0/MyDesktopApplication.UI.Tests.dll
[xUnit.net 00:00:00.00] xUnit.net VSTest Adapter v3.1.4+50e68bbb8b (64-bit .NET 10.0.0)
[xUnit.net 00:00:00.00] xUnit.net VSTest Adapter v3.1.4+50e68bbb8b (64-bit .NET 10.0.0)
[xUnit.net 00:00:00.06]   Discovering: MyDesktopApplication.Core.Tests
[xUnit.net 00:00:00.09]   Discovered:  MyDesktopApplication.Core.Tests
[xUnit.net 00:00:00.06]   Discovering: MyDesktopApplication.Integration.Tests
[xUnit.net 00:00:00.11]   Starting:    MyDesktopApplication.Core.Tests
[xUnit.net 00:00:00.00] xUnit.net VSTest Adapter v3.1.4+50e68bbb8b (64-bit .NET 10.0.0)
[xUnit.net 00:00:00.09]   Discovered:  MyDesktopApplication.Integration.Tests
[xUnit.net 00:00:00.14]   Finished:    MyDesktopApplication.Core.Tests
[xUnit.net 00:00:00.11]   Starting:    MyDesktopApplication.Integration.Tests
[xUnit.net 00:00:00.06]   Discovering: MyDesktopApplication.UI.Tests
[xUnit.net 00:00:00.14]   Finished:    MyDesktopApplication.Integration.Tests
[xUnit.net 00:00:00.09]   Discovered:  MyDesktopApplication.UI.Tests
[xUnit.net 00:00:00.11]   Starting:    MyDesktopApplication.UI.Tests
[xUnit.net 00:00:00.14]   Finished:    MyDesktopApplication.UI.Tests
  MyDesktopApplication.Core.Tests test net10.0 succeeded (0.7s)
  MyDesktopApplication.Integration.Tests test net10.0 succeeded (0.7s)
  MyDesktopApplication.UI.Tests test net10.0 succeeded (0.7s)

Test summary: total: 4, failed: 0, succeeded: 4, skipped: 0, duration: 0.8s
Build succeeded in 2.0s

real	0m2.182s
user	0m1.785s
sys	0m0.346s
kushal@fedora:~/src/dotnet/MyDesktopApplication$ dotnet outdated
Could not execute because the specified command or file was not found.
Possible reasons for this include:
  * You misspelled a built-in dotnet command.
  * You intended to execute a .NET program, but dotnet-outdated does not exist.
  * You intended to run a global tool, but a dotnet-prefixed executable with this name could not be found on the PATH.
kushal@fedora:~/src/dotnet/MyDesktopApplication$ time dotnet list package
Restore complete (0.5s)

Build succeeded in 0.6s
Project 'MyDesktopApplication.Core' has the following package references
   [net10.0]: 
   Top-level Package       Requested   Resolved
   > FluentValidation      11.11.0     11.11.0 

Project 'MyDesktopApplication.Desktop' has the following package references
   [net10.0]: 
   Top-level Package             Requested   Resolved
   > Avalonia                    11.3.0      11.3.0  
   > Avalonia.Desktop            11.3.0      11.3.0  
   > Avalonia.Diagnostics        11.3.0      11.3.0  
   > Avalonia.Fonts.Inter        11.3.0      11.3.0  
   > Avalonia.Themes.Fluent      11.3.0      11.3.0  
   > CommunityToolkit.Mvvm       8.4.0       8.4.0   

Project 'MyDesktopApplication.Infrastructure' has the following package references
   [net10.0]: 
   Top-level Package                               Requested   Resolved
   > Dapper                                        2.1.66      2.1.66  
   > Microsoft.EntityFrameworkCore                 10.0.0      10.0.0  
   > Microsoft.EntityFrameworkCore.Sqlite          10.0.0      10.0.0  
   > Microsoft.Extensions.Configuration            10.0.0      10.0.0  
   > Microsoft.Extensions.DependencyInjection      10.0.0      10.0.0  
   > Npgsql.EntityFrameworkCore.PostgreSQL         10.0.0      10.0.0  

Project 'MyDesktopApplication.Shared' has the following package references
   [net10.0]: 
   Top-level Package            Requested   Resolved
   > CommunityToolkit.Mvvm      8.4.0       8.4.0   

Project 'MyDesktopApplication.Core.Tests' has the following package references
   [net10.0]: 
   Top-level Package                Requested   Resolved
   > Bogus                          35.6.1      35.6.1  
   > coverlet.collector             6.0.4       6.0.4   
   > FluentAssertions               8.0.1       8.0.1   
   > Microsoft.NET.Test.Sdk         17.14.1     17.14.1 
   > NSubstitute                    5.3.0       5.3.0   
   > xunit                          2.9.3       2.9.3   
   > xunit.runner.visualstudio      3.1.4       3.1.4   

Project 'MyDesktopApplication.Integration.Tests' has the following package references
   [net10.0]: 
   Top-level Package                           Requested   Resolved
   > Bogus                                     35.6.1      35.6.1  
   > coverlet.collector                        6.0.4       6.0.4   
   > FluentAssertions                          8.0.1       8.0.1   
   > Microsoft.EntityFrameworkCore.Sqlite      10.0.0      10.0.0  
   > Microsoft.NET.Test.Sdk                    17.14.1     17.14.1 
   > Testcontainers                            4.3.0       4.3.0   
   > Testcontainers.PostgreSql                 4.3.0       4.3.0   
   > xunit                                     2.9.3       2.9.3   
   > xunit.runner.visualstudio                 3.1.4       3.1.4   

Project 'MyDesktopApplication.UI.Tests' has the following package references
   [net10.0]: 
   Top-level Package                Requested   Resolved
   > Avalonia.Headless              11.3.0      11.3.0  
   > Avalonia.Headless.XUnit        11.3.0      11.3.0  
   > coverlet.collector             6.0.4       6.0.4   
   > FluentAssertions               8.0.1       8.0.1   
   > Microsoft.NET.Test.Sdk         17.14.1     17.14.1 
   > xunit                          2.9.3       2.9.3   
   > xunit.runner.visualstudio      3.1.4       3.1.4   


real	0m1.481s
user	0m1.531s
sys	0m0.274s
kushal@fedora:~/src/dotnet/MyDesktopApplication$ time dotnet list package --outdated
Restore complete (0.5s)

Build succeeded in 0.6s

The following sources were used:
   https://api.nuget.org/v3/index.json

Project `MyDesktopApplication.Core` has the following updates to its packages
   [net10.0]: 
   Top-level Package       Requested   Resolved   Latest
   > FluentValidation      11.11.0     11.11.0    12.1.1

Project `MyDesktopApplication.Desktop` has the following updates to its packages
   [net10.0]: 
   Top-level Package             Requested   Resolved   Latest 
   > Avalonia                    11.3.0      11.3.0     11.3.10
   > Avalonia.Desktop            11.3.0      11.3.0     11.3.10
   > Avalonia.Diagnostics        11.3.0      11.3.0     11.3.10
   > Avalonia.Fonts.Inter        11.3.0      11.3.0     11.3.10
   > Avalonia.Themes.Fluent      11.3.0      11.3.0     11.3.10

Project `MyDesktopApplication.Infrastructure` has the following updates to its packages
   [net10.0]: 
   Top-level Package                               Requested   Resolved   Latest
   > Microsoft.EntityFrameworkCore                 10.0.0      10.0.0     10.0.1
   > Microsoft.EntityFrameworkCore.Sqlite          10.0.0      10.0.0     10.0.1
   > Microsoft.Extensions.Configuration            10.0.0      10.0.0     10.0.1
   > Microsoft.Extensions.DependencyInjection      10.0.0      10.0.0     10.0.1

The given project `MyDesktopApplication.Shared` has no updates given the current sources.
Project `MyDesktopApplication.Core.Tests` has the following updates to its packages
   [net10.0]: 
   Top-level Package                Requested   Resolved   Latest
   > Bogus                          35.6.1      35.6.1     35.6.5
   > FluentAssertions               8.0.1       8.0.1      8.8.0 
   > Microsoft.NET.Test.Sdk         17.14.1     17.14.1    18.0.1
   > xunit.runner.visualstudio      3.1.4       3.1.4      3.1.5 

Project `MyDesktopApplication.Integration.Tests` has the following updates to its packages
   [net10.0]: 
   Top-level Package                           Requested   Resolved   Latest
   > Bogus                                     35.6.1      35.6.1     35.6.5
   > FluentAssertions                          8.0.1       8.0.1      8.8.0 
   > Microsoft.EntityFrameworkCore.Sqlite      10.0.0      10.0.0     10.0.1
   > Microsoft.NET.Test.Sdk                    17.14.1     17.14.1    18.0.1
   > Testcontainers                            4.3.0       4.3.0      4.9.0 
   > Testcontainers.PostgreSql                 4.3.0       4.3.0      4.9.0 
   > xunit.runner.visualstudio                 3.1.4       3.1.4      3.1.5 

Project `MyDesktopApplication.UI.Tests` has the following updates to its packages
   [net10.0]: 
   Top-level Package                Requested   Resolved   Latest 
   > Avalonia.Headless              11.3.0      11.3.0     11.3.10
   > Avalonia.Headless.XUnit        11.3.0      11.3.0     11.3.10
   > FluentAssertions               8.0.1       8.0.1      8.8.0  
   > Microsoft.NET.Test.Sdk         17.14.1     17.14.1    18.0.1 
   > xunit.runner.visualstudio      3.1.4       3.1.4      3.1.5  


real	0m3.319s
user	0m2.612s
sys	0m0.368s
kushal@fedora:~/src/dotnet/MyDesktopApplication$ time sh export.sh 
Starting project export...
Project Path: /home/kushal/src/dotnet/MyDesktopApplication
Output File: docs/llm/dump.txt
Generating directory structure...
Collecting files...
Found 23 files to export
Processing (1/23): appsettings.json
Processing (2/23): Directory.Build.props
Processing (3/23): Directory.Packages.props
Processing (4/23): MyDesktopApplication.slnx
Processing (5/23): src/MyDesktopApplication.Core/Class1.cs
Processing (6/23): src/MyDesktopApplication.Core/MyDesktopApplication.Core.csproj
Processing (7/23): src/MyDesktopApplication.Desktop/App.axaml.cs
Processing (8/23): src/MyDesktopApplication.Desktop/MyDesktopApplication.Desktop.csproj
Processing (9/23): src/MyDesktopApplication.Desktop/Program.cs
Processing (10/23): src/MyDesktopApplication.Desktop/ViewLocator.cs
Processing (11/23): src/MyDesktopApplication.Desktop/ViewModels/MainWindowViewModel.cs
Processing (12/23): src/MyDesktopApplication.Desktop/ViewModels/ViewModelBase.cs
Processing (13/23): src/MyDesktopApplication.Desktop/Views/MainWindow.axaml.cs
Processing (14/23): src/MyDesktopApplication.Infrastructure/Class1.cs
Processing (15/23): src/MyDesktopApplication.Infrastructure/MyDesktopApplication.Infrastructure.csproj
Processing (16/23): src/MyDesktopApplication.Shared/Class1.cs
Processing (17/23): src/MyDesktopApplication.Shared/MyDesktopApplication.Shared.csproj
Processing (18/23): tests/MyDesktopApplication.Core.Tests/MyDesktopApplication.Core.Tests.csproj
Processing (19/23): tests/MyDesktopApplication.Core.Tests/UnitTest1.cs
Processing (20/23): tests/MyDesktopApplication.Integration.Tests/MyDesktopApplication.Integration.Tests.csproj
Processing (21/23): tests/MyDesktopApplication.Integration.Tests/UnitTest1.cs
Processing (22/23): tests/MyDesktopApplication.UI.Tests/MyDesktopApplication.UI.Tests.csproj
Processing (23/23): tests/MyDesktopApplication.UI.Tests/UnitTest1.cs

Export completed successfully!
Output file: /home/kushal/src/dotnet/MyDesktopApplication/docs/llm/dump.txt
Total files exported: 23
Output file size: 0.03 MB

real	0m0.284s
user	0m0.099s
sys	0m0.243s
kushal@fedora:~/src/dotnet/MyDesktopApplication$ time sh update-packages.sh
==============================================
  Updating Package Versions
==============================================

‚úì Backed up Directory.Packages.props to Directory.Packages.props.bak
‚úì Updated Directory.Packages.props with latest versions

Package version changes:
  Avalonia:                    11.3.0  ‚Üí 11.3.10
  Microsoft.Extensions.*:      10.0.0  ‚Üí 10.0.1
  Microsoft.EntityFrameworkCore: 10.0.0 ‚Üí 10.0.1
  FluentValidation:            11.11.0 ‚Üí 12.1.1
  Microsoft.NET.Test.Sdk:      17.14.1 ‚Üí 18.0.1
  FluentAssertions:            8.0.1   ‚Üí 8.8.0
  Bogus:                       35.6.1  ‚Üí 35.6.5
  Testcontainers:              4.3.0   ‚Üí 4.9.0
  xunit.runner.visualstudio:   3.1.4   ‚Üí 3.1.5

‚úì Running dotnet restore...
    /home/kushal/src/dotnet/MyDesktopApplication/src/MyDesktopApplication.Infrastructure/MyDesktopApplication.Infrastructure.csproj : error NU1102: 
      Unable to find package Npgsql.EntityFrameworkCore.PostgreSQL with version (>= 10.0.1)
        - Found 132 version(s) in nuget.org [ Nearest version: 10.0.0 ]
        - Found 0 version(s) in /usr/lib64/dotnet/library-packs
    /home/kushal/src/dotnet/MyDesktopApplication/tests/MyDesktopApplication.Integration.Tests/MyDesktopApplication.Integration.Tests.csproj : error NU1102: 
      Unable to find package Npgsql.EntityFrameworkCore.PostgreSQL with version (>= 10.0.1)
        - Found 132 version(s) in nuget.org [ Nearest version: 10.0.0 ]
        - Found 0 version(s) in /usr/lib64/dotnet/library-packs
    /usr/lib64/dotnet/sdk/10.0.100/NuGet.targets(196,5): error The given key 'Npgsql.EntityFrameworkCore.PostgreSQL' was not present in the dictionary.

Restore failed with 3 error(s) in 3.4s

real	0m3.540s
user	0m3.304s
sys	0m1.267s
kushal@fedora:~/src/dotnet/MyDesktopApplication$ time dotnet list package --outdated
    /home/kushal/src/dotnet/MyDesktopApplication/tests/MyDesktopApplication.Integration.Tests/MyDesktopApplication.Integration.Tests.csproj : error NU1102: 
      Unable to find package Npgsql.EntityFrameworkCore.PostgreSQL with version (>= 10.0.1)
        - Found 132 version(s) in nuget.org [ Nearest version: 10.0.0 ]
        - Found 0 version(s) in /usr/lib64/dotnet/library-packs
    /home/kushal/src/dotnet/MyDesktopApplication/src/MyDesktopApplication.Infrastructure/MyDesktopApplication.Infrastructure.csproj : error NU1102: 
      Unable to find package Npgsql.EntityFrameworkCore.PostgreSQL with version (>= 10.0.1)
        - Found 132 version(s) in nuget.org [ Nearest version: 10.0.0 ]
        - Found 0 version(s) in /usr/lib64/dotnet/library-packs
    /usr/lib64/dotnet/sdk/10.0.100/NuGet.targets(196,5): error The given key 'Npgsql.EntityFrameworkCore.PostgreSQL' was not present in the dictionary.

Restore failed with 3 error(s) in 0.7s

real	0m0.896s
user	0m1.226s
sys	0m0.251s
kushal@fedora:~/src/dotnet/MyDesktopApplication$ time dotnet list package --outdated
Restore complete (2.8s)

Build succeeded in 2.9s

The following sources were used:
   https://api.nuget.org/v3/index.json

The given project `MyDesktopApplication.Core` has no updates given the current sources.
The given project `MyDesktopApplication.Desktop` has no updates given the current sources.
The given project `MyDesktopApplication.Infrastructure` has no updates given the current sources.
The given project `MyDesktopApplication.Shared` has no updates given the current sources.
The given project `MyDesktopApplication.Core.Tests` has no updates given the current sources.
The given project `MyDesktopApplication.Integration.Tests` has no updates given the current sources.
The given project `MyDesktopApplication.UI.Tests` has no updates given the current sources.

real	0m4.076s
user	0m4.251s
sys	0m1.058s
kushal@fedora:~/src/dotnet/MyDesktopApplication$ time dotnet build
Restore complete (0.5s)
  MyDesktopApplication.Core net10.0 succeeded (1.9s) ‚Üí src/MyDesktopApplication.Core/bin/Debug/net10.0/MyDesktopApplication.Core.dll
  MyDesktopApplication.Shared net10.0 succeeded (0.1s) ‚Üí src/MyDesktopApplication.Shared/bin/Debug/net10.0/MyDesktopApplication.Shared.dll
  MyDesktopApplication.Infrastructure net10.0 succeeded (0.1s) ‚Üí src/MyDesktopApplication.Infrastructure/bin/Debug/net10.0/MyDesktopApplication.Infrastructure.dll
  MyDesktopApplication.Core.Tests net10.0 succeeded (0.2s) ‚Üí tests/MyDesktopApplication.Core.Tests/bin/Debug/net10.0/MyDesktopApplication.Core.Tests.dll
  MyDesktopApplication.Integration.Tests net10.0 succeeded (0.1s) ‚Üí tests/MyDesktopApplication.Integration.Tests/bin/Debug/net10.0/MyDesktopApplication.Integration.Tests.dll
  MyDesktopApplication.Desktop net10.0 succeeded (2.4s) ‚Üí src/MyDesktopApplication.Desktop/bin/Debug/net10.0/MyDesktopApplication.Desktop.dll
  MyDesktopApplication.UI.Tests net10.0 succeeded (0.2s) ‚Üí tests/MyDesktopApplication.UI.Tests/bin/Debug/net10.0/MyDesktopApplication.UI.Tests.dll

Build succeeded in 3.3s

real	0m3.418s
user	0m1.829s
sys	0m0.352s
kushal@fedora:~/src/dotnet/MyDesktopApplication$ time dotnet test
Restore complete (0.5s)
  MyDesktopApplication.Desktop net10.0 succeeded (0.1s) ‚Üí src/MyDesktopApplication.Desktop/bin/Debug/net10.0/MyDesktopApplication.Desktop.dll
  MyDesktopApplication.UI.Tests net10.0 succeeded (0.1s) ‚Üí tests/MyDesktopApplication.UI.Tests/bin/Debug/net10.0/MyDesktopApplication.UI.Tests.dll
  MyDesktopApplication.Core net10.0 succeeded (0.1s) ‚Üí src/MyDesktopApplication.Core/bin/Debug/net10.0/MyDesktopApplication.Core.dll
  MyDesktopApplication.Infrastructure net10.0 succeeded (0.0s) ‚Üí src/MyDesktopApplication.Infrastructure/bin/Debug/net10.0/MyDesktopApplication.Infrastructure.dll
  MyDesktopApplication.Core.Tests net10.0 succeeded (0.1s) ‚Üí tests/MyDesktopApplication.Core.Tests/bin/Debug/net10.0/MyDesktopApplication.Core.Tests.dll
  MyDesktopApplication.Integration.Tests net10.0 succeeded (0.1s) ‚Üí tests/MyDesktopApplication.Integration.Tests/bin/Debug/net10.0/MyDesktopApplication.Integration.Tests.dll
[xUnit.net 00:00:00.00] xUnit.net VSTest Adapter v3.1.5+1b188a7b0a (64-bit .NET 10.0.0)
[xUnit.net 00:00:00.05]   Discovering: MyDesktopApplication.UI.Tests
[xUnit.net 00:00:00.09]   Discovered:  MyDesktopApplication.UI.Tests
[xUnit.net 00:00:00.00] xUnit.net VSTest Adapter v3.1.5+1b188a7b0a (64-bit .NET 10.0.0)
[xUnit.net 00:00:00.10]   Starting:    MyDesktopApplication.UI.Tests
[xUnit.net 00:00:00.00] xUnit.net VSTest Adapter v3.1.5+1b188a7b0a (64-bit .NET 10.0.0)
[xUnit.net 00:00:00.14]   Finished:    MyDesktopApplication.UI.Tests
[xUnit.net 00:00:00.06]   Discovering: MyDesktopApplication.Core.Tests
[xUnit.net 00:00:00.09]   Discovered:  MyDesktopApplication.Core.Tests
[xUnit.net 00:00:00.06]   Discovering: MyDesktopApplication.Integration.Tests
[xUnit.net 00:00:00.10]   Starting:    MyDesktopApplication.Core.Tests
[xUnit.net 00:00:00.09]   Discovered:  MyDesktopApplication.Integration.Tests
[xUnit.net 00:00:00.14]   Finished:    MyDesktopApplication.Core.Tests
[xUnit.net 00:00:00.10]   Starting:    MyDesktopApplication.Integration.Tests
  MyDesktopApplication.UI.Tests test net10.0 succeeded (0.7s)
[xUnit.net 00:00:00.14]   Finished:    MyDesktopApplication.Integration.Tests
  MyDesktopApplication.Core.Tests test net10.0 succeeded (0.7s)
  MyDesktopApplication.Integration.Tests test net10.0 succeeded (0.7s)

Test summary: total: 4, failed: 0, succeeded: 4, skipped: 0, duration: 0.8s
Build succeeded in 1.6s

real	0m1.764s
user	0m1.370s
sys	0m0.341s
kushal@fedora:~/src/dotnet/MyDesktopApplication$ time sh export.sh 
Starting project export...
Project Path: /home/kushal/src/dotnet/MyDesktopApplication
Output File: docs/llm/dump.txt
Generating directory structure...
Collecting files...
Found 23 files to export
Processing (1/23): appsettings.json
Processing (2/23): Directory.Build.props
Processing (3/23): Directory.Packages.props
Processing (4/23): MyDesktopApplication.slnx
Processing (5/23): src/MyDesktopApplication.Core/Class1.cs
Processing (6/23): src/MyDesktopApplication.Core/MyDesktopApplication.Core.csproj
Processing (7/23): src/MyDesktopApplication.Desktop/App.axaml.cs
Processing (8/23): src/MyDesktopApplication.Desktop/MyDesktopApplication.Desktop.csproj
Processing (9/23): src/MyDesktopApplication.Desktop/Program.cs
Processing (10/23): src/MyDesktopApplication.Desktop/ViewLocator.cs
Processing (11/23): src/MyDesktopApplication.Desktop/ViewModels/MainWindowViewModel.cs
Processing (12/23): src/MyDesktopApplication.Desktop/ViewModels/ViewModelBase.cs
Processing (13/23): src/MyDesktopApplication.Desktop/Views/MainWindow.axaml.cs
Processing (14/23): src/MyDesktopApplication.Infrastructure/Class1.cs
Processing (15/23): src/MyDesktopApplication.Infrastructure/MyDesktopApplication.Infrastructure.csproj
Processing (16/23): src/MyDesktopApplication.Shared/Class1.cs
Processing (17/23): src/MyDesktopApplication.Shared/MyDesktopApplication.Shared.csproj
Processing (18/23): tests/MyDesktopApplication.Core.Tests/MyDesktopApplication.Core.Tests.csproj
Processing (19/23): tests/MyDesktopApplication.Core.Tests/UnitTest1.cs
Processing (20/23): tests/MyDesktopApplication.Integration.Tests/MyDesktopApplication.Integration.Tests.csproj
Processing (21/23): tests/MyDesktopApplication.Integration.Tests/UnitTest1.cs
Processing (22/23): tests/MyDesktopApplication.UI.Tests/MyDesktopApplication.UI.Tests.csproj
Processing (23/23): tests/MyDesktopApplication.UI.Tests/UnitTest1.cs

Export completed successfully!
Output file: /home/kushal/src/dotnet/MyDesktopApplication/docs/llm/dump.txt
Total files exported: 23
Output file size: 0.03 MB

real	0m0.279s
user	0m0.109s
sys	0m0.225s
kushal@fedora:~/src/dotnet/MyDesktopApplication$ time dotnet run --project src/MyDesktopApplication.Desktop

real	1m4.268s
user	0m6.227s
sys	0m0.908s
kushal@fedora:~/src/dotnet/MyDesktopApplication$ time sh fix-all.sh 
==============================================
  Code Review Fixes
==============================================

‚úì Updating Desktop project references...
‚úì Creating Core domain entities...
‚úì Creating Infrastructure data access layer...
‚úì Creating Shared DTOs...
‚úì Updating Desktop ViewModels...
‚úì Updating App.axaml.cs with DI...
‚úì Ensuring App.axaml exists...
‚úì Updating MainWindow.axaml...
‚úì Removing unused ViewLocator...
‚úì Updating unit tests...
‚úì Updating integration tests...
‚úì Updating UI tests...
‚úì Creating appsettings.json in Desktop project...
‚úì Updating export script...

‚úì Running dotnet restore...
Restore complete (0.9s)

Build succeeded in 1.0s

‚úì Running dotnet build...
Restore complete (0.5s)
  MyDesktopApplication.Core net10.0 succeeded (0.2s) ‚Üí src/MyDesktopApplication.Core/bin/Debug/net10.0/MyDesktopApplication.Core.dll
  MyDesktopApplication.Shared net10.0 succeeded (0.1s) ‚Üí src/MyDesktopApplication.Shared/bin/Debug/net10.0/MyDesktopApplication.Shared.dll
  MyDesktopApplication.Core.Tests net10.0 succeeded (0.1s) ‚Üí tests/MyDesktopApplication.Core.Tests/bin/Debug/net10.0/MyDesktopApplication.Core.Tests.dll
  MyDesktopApplication.Infrastructure net10.0 succeeded (0.1s) ‚Üí src/MyDesktopApplication.Infrastructure/bin/Debug/net10.0/MyDesktopApplication.Infrastructure.dll
  MyDesktopApplication.Integration.Tests net10.0 failed with 1 error(s) (0.1s)
    /home/kushal/src/dotnet/MyDesktopApplication/tests/MyDesktopApplication.Integration.Tests/UnitTest1.cs(17,14): error CS1061: 'DbContextOptionsBuilder<AppDbContext>' does not contain a definition for 'UseInMemoryDatabase' and no accessible extension method 'UseInMemoryDatabase' accepting a first argument of type 'DbContextOptionsBuilder<AppDbContext>' could be found (are you missing a using directive or an assembly reference?)
  MyDesktopApplication.Desktop net10.0 succeeded (0.8s) ‚Üí src/MyDesktopApplication.Desktop/bin/Debug/net10.0/MyDesktopApplication.Desktop.dll
  MyDesktopApplication.UI.Tests net10.0 succeeded (0.1s) ‚Üí tests/MyDesktopApplication.UI.Tests/bin/Debug/net10.0/MyDesktopApplication.UI.Tests.dll

Build failed with 1 error(s) in 2.0s

! Build failed - check errors above

real	0m3.299s
user	0m2.670s
sys	0m0.557s
kushal@fedora:~/src/dotnet/MyDesktopApplication$ time sh export.sh 
Starting project export...
Project Path: /home/kushal/src/dotnet/MyDesktopApplication
Output File: docs/llm/dump.txt
Generating directory structure...
Collecting files...
Found 34 files to export
Processing (1/34): appsettings.json
Processing (2/34): Directory.Build.props
Processing (3/34): Directory.Packages.props
Processing (4/34): docs/llm/claude.md
Processing (5/34): docs/thoughts.md
Processing (6/34): MyDesktopApplication.slnx
Processing (7/34): README.md
Processing (8/34): src/MyDesktopApplication.Core/Entities/EntityBase.cs
Processing (9/34): src/MyDesktopApplication.Core/Entities/TodoItem.cs
Processing (10/34): src/MyDesktopApplication.Core/Interfaces/IRepository.cs
Processing (11/34): src/MyDesktopApplication.Core/Interfaces/ITodoRepository.cs
Processing (12/34): src/MyDesktopApplication.Core/MyDesktopApplication.Core.csproj
Processing (13/34): src/MyDesktopApplication.Desktop/App.axaml
Processing (14/34): src/MyDesktopApplication.Desktop/App.axaml.cs
Processing (15/34): src/MyDesktopApplication.Desktop/appsettings.json
Processing (16/34): src/MyDesktopApplication.Desktop/MyDesktopApplication.Desktop.csproj
Processing (17/34): src/MyDesktopApplication.Desktop/Program.cs
Processing (18/34): src/MyDesktopApplication.Desktop/ViewModels/MainWindowViewModel.cs
Processing (19/34): src/MyDesktopApplication.Desktop/ViewModels/ViewModelBase.cs
Processing (20/34): src/MyDesktopApplication.Desktop/Views/MainWindow.axaml
Processing (21/34): src/MyDesktopApplication.Desktop/Views/MainWindow.axaml.cs
Processing (22/34): src/MyDesktopApplication.Infrastructure/Data/AppDbContext.cs
Processing (23/34): src/MyDesktopApplication.Infrastructure/DependencyInjection.cs
Processing (24/34): src/MyDesktopApplication.Infrastructure/MyDesktopApplication.Infrastructure.csproj
Processing (25/34): src/MyDesktopApplication.Infrastructure/Repositories/Repository.cs
Processing (26/34): src/MyDesktopApplication.Infrastructure/Repositories/TodoRepository.cs
Processing (27/34): src/MyDesktopApplication.Shared/DTOs/TodoItemDto.cs
Processing (28/34): src/MyDesktopApplication.Shared/MyDesktopApplication.Shared.csproj
Processing (29/34): tests/MyDesktopApplication.Core.Tests/MyDesktopApplication.Core.Tests.csproj
Processing (30/34): tests/MyDesktopApplication.Core.Tests/UnitTest1.cs
Processing (31/34): tests/MyDesktopApplication.Integration.Tests/MyDesktopApplication.Integration.Tests.csproj
Processing (32/34): tests/MyDesktopApplication.Integration.Tests/UnitTest1.cs
Processing (33/34): tests/MyDesktopApplication.UI.Tests/MyDesktopApplication.UI.Tests.csproj
Processing (34/34): tests/MyDesktopApplication.UI.Tests/UnitTest1.cs

Export completed successfully!
Output file: /home/kushal/src/dotnet/MyDesktopApplication/docs/llm/dump.txt
Total files exported: 34
Output file size: .09 MB

real	0m0.227s
user	0m0.106s
sys	0m0.172s
kushal@fedora:~/src/dotnet/MyDesktopApplication$ time cp export.sh export.sh.bak

real	0m0.002s
user	0m0.000s
sys	0m0.002s
kushal@fedora:~/src/dotnet/MyDesktopApplication$ time sh export.sh 
==============================================
  Project Export for LLM Analysis
==============================================

Project Path: /home/kushal/src/dotnet/MyDesktopApplication
Output File:  docs/llm/dump.txt

Generating directory structure...
Collecting files...
Found 47 files to export

Processing (1/47): appsettings.json
Processing (2/47): continue-setup.sh
Processing (3/47): Directory.Build.props
Processing (4/47): Directory.Packages.props
Processing (5/47): docs/llm/claude.md
Processing (6/47): docs/llm/dump.txt
Processing (7/47): docs/llm/output.txt
Processing (8/47): docs/thoughts.md
Processing (9/47): export.sh
Processing (10/47): fix-all.sh
Processing (11/47): fix-cpm.sh
Processing (12/47): .gitignore
Processing (13/47): MyDesktopApplication.slnx
Processing (14/47): README.md
Processing (15/47): setup-all.sh
Processing (16/47): setup-project.sh
Processing (17/47): setup.sh
Processing (18/47): src/MyDesktopApplication.Core/Entities/EntityBase.cs
Processing (19/47): src/MyDesktopApplication.Core/Entities/TodoItem.cs
Processing (20/47): src/MyDesktopApplication.Core/Interfaces/IRepository.cs
Processing (21/47): src/MyDesktopApplication.Core/Interfaces/ITodoRepository.cs
Processing (22/47): src/MyDesktopApplication.Core/MyDesktopApplication.Core.csproj
Processing (23/47): src/MyDesktopApplication.Desktop/App.axaml
Processing (24/47): src/MyDesktopApplication.Desktop/App.axaml.cs
Processing (25/47): src/MyDesktopApplication.Desktop/app.manifest
Processing (26/47): src/MyDesktopApplication.Desktop/appsettings.json
Processing (27/47): src/MyDesktopApplication.Desktop/Assets/avalonia-logo.ico
Processing (28/47): src/MyDesktopApplication.Desktop/MyDesktopApplication.Desktop.csproj
Processing (29/47): src/MyDesktopApplication.Desktop/Program.cs
Processing (30/47): src/MyDesktopApplication.Desktop/ViewModels/MainWindowViewModel.cs
Processing (31/47): src/MyDesktopApplication.Desktop/ViewModels/ViewModelBase.cs
Processing (32/47): src/MyDesktopApplication.Desktop/Views/MainWindow.axaml
Processing (33/47): src/MyDesktopApplication.Desktop/Views/MainWindow.axaml.cs
Processing (34/47): src/MyDesktopApplication.Infrastructure/Data/AppDbContext.cs
Processing (35/47): src/MyDesktopApplication.Infrastructure/DependencyInjection.cs
Processing (36/47): src/MyDesktopApplication.Infrastructure/MyDesktopApplication.Infrastructure.csproj
Processing (37/47): src/MyDesktopApplication.Infrastructure/Repositories/Repository.cs
Processing (38/47): src/MyDesktopApplication.Infrastructure/Repositories/TodoRepository.cs
Processing (39/47): src/MyDesktopApplication.Shared/DTOs/TodoItemDto.cs
Processing (40/47): src/MyDesktopApplication.Shared/MyDesktopApplication.Shared.csproj
Processing (41/47): tests/MyDesktopApplication.Core.Tests/MyDesktopApplication.Core.Tests.csproj
Processing (42/47): tests/MyDesktopApplication.Core.Tests/UnitTest1.cs
Processing (43/47): tests/MyDesktopApplication.Integration.Tests/MyDesktopApplication.Integration.Tests.csproj
Processing (44/47): tests/MyDesktopApplication.Integration.Tests/UnitTest1.cs
Processing (45/47): tests/MyDesktopApplication.UI.Tests/MyDesktopApplication.UI.Tests.csproj
Processing (46/47): tests/MyDesktopApplication.UI.Tests/UnitTest1.cs
Processing (47/47): update-packages.sh

==============================================
  Export Complete!
==============================================

Output file:    docs/llm/dump.txt
Files exported: 47
Files skipped:  0
Output size:    457.38 KB

File types included:
  ‚Ä¢ Source code: .cs, .fs, .vb
  ‚Ä¢ UI/XAML: .axaml, .xaml, .paml
  ‚Ä¢ Projects: .csproj, .slnx, .sln, .props, .targets
  ‚Ä¢ Config: .json, .yaml, .yml, .xml, .config
  ‚Ä¢ Docs: .md, .txt
  ‚Ä¢ Scripts: .sh, .ps1, .cmd, .bat
  ‚Ä¢ Other: .sql, .resx, .css, .scss, Dockerfile, etc.


real	0m0.561s
user	0m0.262s
sys	0m0.420s
kushal@fedora:~/src/dotnet/MyDesktopApplication$ time dotnet restore; time dotnet build; time dotnet test;
Restore complete (0.5s)

Build succeeded in 0.6s

real	0m0.725s
user	0m0.828s
sys	0m0.171s
Restore complete (0.5s)
  MyDesktopApplication.Core net10.0 succeeded (0.2s) ‚Üí src/MyDesktopApplication.Core/bin/Debug/net10.0/MyDesktopApplication.Core.dll
  MyDesktopApplication.Shared net10.0 succeeded (0.1s) ‚Üí src/MyDesktopApplication.Shared/bin/Debug/net10.0/MyDesktopApplication.Shared.dll
  MyDesktopApplication.Infrastructure net10.0 succeeded (0.1s) ‚Üí src/MyDesktopApplication.Infrastructure/bin/Debug/net10.0/MyDesktopApplication.Infrastructure.dll
  MyDesktopApplication.Core.Tests net10.0 succeeded (0.1s) ‚Üí tests/MyDesktopApplication.Core.Tests/bin/Debug/net10.0/MyDesktopApplication.Core.Tests.dll
  MyDesktopApplication.Integration.Tests net10.0 failed with 1 error(s) (0.1s)
    /home/kushal/src/dotnet/MyDesktopApplication/tests/MyDesktopApplication.Integration.Tests/UnitTest1.cs(17,14): error CS1061: 'DbContextOptionsBuilder<AppDbContext>' does not contain a definition for 'UseInMemoryDatabase' and no accessible extension method 'UseInMemoryDatabase' accepting a first argument of type 'DbContextOptionsBuilder<AppDbContext>' could be found (are you missing a using directive or an assembly reference?)
  MyDesktopApplication.Desktop net10.0 succeeded (0.7s) ‚Üí src/MyDesktopApplication.Desktop/bin/Debug/net10.0/MyDesktopApplication.Desktop.dll
  MyDesktopApplication.UI.Tests net10.0 succeeded (0.1s) ‚Üí tests/MyDesktopApplication.UI.Tests/bin/Debug/net10.0/MyDesktopApplication.UI.Tests.dll

Build failed with 1 error(s) in 1.8s

real	0m1.969s
user	0m1.498s
sys	0m0.335s
Restore complete (0.5s)
  MyDesktopApplication.Core net10.0 succeeded (0.1s) ‚Üí src/MyDesktopApplication.Core/bin/Debug/net10.0/MyDesktopApplication.Core.dll
  MyDesktopApplication.Shared net10.0 succeeded (0.0s) ‚Üí src/MyDesktopApplication.Shared/bin/Debug/net10.0/MyDesktopApplication.Shared.dll
  MyDesktopApplication.Infrastructure net10.0 succeeded (0.0s) ‚Üí src/MyDesktopApplication.Infrastructure/bin/Debug/net10.0/MyDesktopApplication.Infrastructure.dll
  MyDesktopApplication.Core.Tests net10.0 succeeded (0.1s) ‚Üí tests/MyDesktopApplication.Core.Tests/bin/Debug/net10.0/MyDesktopApplication.Core.Tests.dll
  MyDesktopApplication.Desktop net10.0 succeeded (0.1s) ‚Üí src/MyDesktopApplication.Desktop/bin/Debug/net10.0/MyDesktopApplication.Desktop.dll
  MyDesktopApplication.UI.Tests net10.0 succeeded (0.1s) ‚Üí tests/MyDesktopApplication.UI.Tests/bin/Debug/net10.0/MyDesktopApplication.UI.Tests.dll
  MyDesktopApplication.Integration.Tests net10.0 failed with 1 error(s) (0.1s)
    /home/kushal/src/dotnet/MyDesktopApplication/tests/MyDesktopApplication.Integration.Tests/UnitTest1.cs(17,14): error CS1061: 'DbContextOptionsBuilder<AppDbContext>' does not contain a definition for 'UseInMemoryDatabase' and no accessible extension method 'UseInMemoryDatabase' accepting a first argument of type 'DbContextOptionsBuilder<AppDbContext>' could be found (are you missing a using directive or an assembly reference?)
[xUnit.net 00:00:00.00] xUnit.net VSTest Adapter v3.1.5+1b188a7b0a (64-bit .NET 10.0.0)
[xUnit.net 00:00:00.00] xUnit.net VSTest Adapter v3.1.5+1b188a7b0a (64-bit .NET 10.0.0)
[xUnit.net 00:00:00.06]   Discovering: MyDesktopApplication.Core.Tests
[xUnit.net 00:00:00.10]   Discovered:  MyDesktopApplication.Core.Tests
[xUnit.net 00:00:00.05]   Discovering: MyDesktopApplication.UI.Tests
[xUnit.net 00:00:00.12]   Starting:    MyDesktopApplication.Core.Tests
[xUnit.net 00:00:00.08]   Discovered:  MyDesktopApplication.UI.Tests
     Warning:
     The component "Fluent Assertions" is governed by the rules defined in the Xceed License Agreement and
     the Xceed Fluent Assertions Community License. You may use Fluent Assertions free of charge for
     non-commercial use only. An active subscription is required to use Fluent Assertions for commercial use.
     Please contact Xceed Sales mailto:sales@xceed.com to acquire a subscription at a very low cost.
     A paid commercial license supports the development and continued increasing support of
     Fluent Assertions users under both commercial and community licenses. Help us
     keep Fluent Assertions at the forefront of unit testing.
     For more information, visit https://xceed.com/products/unit-testing/fluent-assertions/
[xUnit.net 00:00:00.10]   Starting:    MyDesktopApplication.UI.Tests
     Warning:
     The component "Fluent Assertions" is governed by the rules defined in the Xceed License Agreement and
     the Xceed Fluent Assertions Community License. You may use Fluent Assertions free of charge for
     non-commercial use only. An active subscription is required to use Fluent Assertions for commercial use.
     Please contact Xceed Sales mailto:sales@xceed.com to acquire a subscription at a very low cost.
     A paid commercial license supports the development and continued increasing support of
     Fluent Assertions users under both commercial and community licenses. Help us
     keep Fluent Assertions at the forefront of unit testing.
     For more information, visit https://xceed.com/products/unit-testing/fluent-assertions/
[xUnit.net 00:00:00.15]   Finished:    MyDesktopApplication.UI.Tests
[xUnit.net 00:00:00.19]   Finished:    MyDesktopApplication.Core.Tests
  MyDesktopApplication.Core.Tests test net10.0 succeeded (0.7s)
  MyDesktopApplication.UI.Tests test net10.0 succeeded (0.7s)

Test summary: total: 16, failed: 0, succeeded: 16, skipped: 0, duration: 0.8s
Build failed with 1 error(s) in 1.7s

real	0m1.809s
user	0m1.358s
sys	0m0.348s
kushal@fedora:~/src/dotnet/MyDesktopApplication$ time sh export.sh 
==============================================
  Project Export for LLM Analysis
==============================================

Project Path: /home/kushal/src/dotnet/MyDesktopApplication
Output File:  docs/llm/dump.txt

Generating directory structure...
Collecting files...
Found 48 files to export

Processing (1/48): appsettings.json
Processing (2/48): continue-setup.sh
Processing (3/48): Directory.Build.props
Processing (4/48): Directory.Packages.props
Processing (5/48): docs/llm/claude.md
Processing (6/48): docs/llm/dump.txt
Processing (7/48): docs/llm/output.txt
Processing (8/48): docs/thoughts.md
Processing (9/48): export.sh
Processing (10/48): fix-all.sh
Processing (11/48): fix-cpm.sh
Processing (12/48): fix-tests.sh
Processing (13/48): .gitignore
Processing (14/48): MyDesktopApplication.slnx
Processing (15/48): README.md
Processing (16/48): setup-all.sh
Processing (17/48): setup-project.sh
Processing (18/48): setup.sh
Processing (19/48): src/MyDesktopApplication.Core/Entities/EntityBase.cs
Processing (20/48): src/MyDesktopApplication.Core/Entities/TodoItem.cs
Processing (21/48): src/MyDesktopApplication.Core/Interfaces/IRepository.cs
Processing (22/48): src/MyDesktopApplication.Core/Interfaces/ITodoRepository.cs
Processing (23/48): src/MyDesktopApplication.Core/MyDesktopApplication.Core.csproj
Processing (24/48): src/MyDesktopApplication.Desktop/App.axaml
Processing (25/48): src/MyDesktopApplication.Desktop/App.axaml.cs
Processing (26/48): src/MyDesktopApplication.Desktop/app.manifest
Processing (27/48): src/MyDesktopApplication.Desktop/appsettings.json
Processing (28/48): src/MyDesktopApplication.Desktop/Assets/avalonia-logo.ico
Processing (29/48): src/MyDesktopApplication.Desktop/MyDesktopApplication.Desktop.csproj
Processing (30/48): src/MyDesktopApplication.Desktop/Program.cs
Processing (31/48): src/MyDesktopApplication.Desktop/ViewModels/MainWindowViewModel.cs
Processing (32/48): src/MyDesktopApplication.Desktop/ViewModels/ViewModelBase.cs
Processing (33/48): src/MyDesktopApplication.Desktop/Views/MainWindow.axaml
Processing (34/48): src/MyDesktopApplication.Desktop/Views/MainWindow.axaml.cs
Processing (35/48): src/MyDesktopApplication.Infrastructure/Data/AppDbContext.cs
Processing (36/48): src/MyDesktopApplication.Infrastructure/DependencyInjection.cs
Processing (37/48): src/MyDesktopApplication.Infrastructure/MyDesktopApplication.Infrastructure.csproj
Processing (38/48): src/MyDesktopApplication.Infrastructure/Repositories/Repository.cs
Processing (39/48): src/MyDesktopApplication.Infrastructure/Repositories/TodoRepository.cs
Processing (40/48): src/MyDesktopApplication.Shared/DTOs/TodoItemDto.cs
Processing (41/48): src/MyDesktopApplication.Shared/MyDesktopApplication.Shared.csproj
Processing (42/48): tests/MyDesktopApplication.Core.Tests/MyDesktopApplication.Core.Tests.csproj
Processing (43/48): tests/MyDesktopApplication.Core.Tests/UnitTest1.cs
Processing (44/48): tests/MyDesktopApplication.Integration.Tests/MyDesktopApplication.Integration.Tests.csproj
Processing (45/48): tests/MyDesktopApplication.Integration.Tests/UnitTest1.cs
Processing (46/48): tests/MyDesktopApplication.UI.Tests/MyDesktopApplication.UI.Tests.csproj
Processing (47/48): tests/MyDesktopApplication.UI.Tests/UnitTest1.cs
Processing (48/48): update-packages.sh

==============================================
  Export Complete!
==============================================

Output file:    docs/llm/dump.txt
Files exported: 48
Files skipped:  0
Output size:    496.67 KB

File types included:
  ‚Ä¢ Source code: .cs, .fs, .vb
  ‚Ä¢ UI/XAML: .axaml, .xaml, .paml
  ‚Ä¢ Projects: .csproj, .slnx, .sln, .props, .targets
  ‚Ä¢ Config: .json, .yaml, .yml, .xml, .config
  ‚Ä¢ Docs: .md, .txt
  ‚Ä¢ Scripts: .sh, .ps1, .cmd, .bat
  ‚Ä¢ Other: .sql, .resx, .css, .scss, Dockerfile, etc.


real	0m0.556s
user	0m0.272s
sys	0m0.419s
kushal@fedora:~/src/dotnet/MyDesktopApplication$ time sh fix-tests.sh 
==============================================
  Removing Non-Free Packages & Fixing Tests
==============================================

‚úì Updating Directory.Packages.props...
‚úì Updating test project files...
‚úì Rewriting Core.Tests with xUnit assertions...
‚úì Rewriting Integration.Tests with SQLite in-memory...
‚úì Rewriting UI.Tests with xUnit assertions...
‚úì Cleaning build artifacts...

‚úì Running dotnet restore...
Restore complete (0.6s)

Build succeeded in 0.7s

‚úì Running dotnet build...
Restore complete (0.5s)
  MyDesktopApplication.Core net10.0 succeeded (0.2s) ‚Üí src/MyDesktopApplication.Core/bin/Debug/net10.0/MyDesktopApplication.Core.dll
  MyDesktopApplication.Infrastructure net10.0 succeeded (0.1s) ‚Üí src/MyDesktopApplication.Infrastructure/bin/Debug/net10.0/MyDesktopApplication.Infrastructure.dll
  MyDesktopApplication.Shared net10.0 succeeded (0.1s) ‚Üí src/MyDesktopApplication.Shared/bin/Debug/net10.0/MyDesktopApplication.Shared.dll
  MyDesktopApplication.Core.Tests net10.0 succeeded (0.1s) ‚Üí tests/MyDesktopApplication.Core.Tests/bin/Debug/net10.0/MyDesktopApplication.Core.Tests.dll
  MyDesktopApplication.Integration.Tests net10.0 succeeded (0.1s) ‚Üí tests/MyDesktopApplication.Integration.Tests/bin/Debug/net10.0/MyDesktopApplication.Integration.Tests.dll
  MyDesktopApplication.Desktop net10.0 succeeded (0.8s) ‚Üí src/MyDesktopApplication.Desktop/bin/Debug/net10.0/MyDesktopApplication.Desktop.dll
  MyDesktopApplication.UI.Tests net10.0 succeeded (0.1s) ‚Üí tests/MyDesktopApplication.UI.Tests/bin/Debug/net10.0/MyDesktopApplication.UI.Tests.dll

Build succeeded in 1.9s

‚úì Running dotnet test...
Restore complete (0.5s)
  MyDesktopApplication.Core net10.0 succeeded (0.1s) ‚Üí src/MyDesktopApplication.Core/bin/Debug/net10.0/MyDesktopApplication.Core.dll
  MyDesktopApplication.Shared net10.0 succeeded (0.0s) ‚Üí src/MyDesktopApplication.Shared/bin/Debug/net10.0/MyDesktopApplication.Shared.dll
  MyDesktopApplication.Infrastructure net10.0 succeeded (0.0s) ‚Üí src/MyDesktopApplication.Infrastructure/bin/Debug/net10.0/MyDesktopApplication.Infrastructure.dll
  MyDesktopApplication.Core.Tests net10.0 succeeded (0.1s) ‚Üí tests/MyDesktopApplication.Core.Tests/bin/Debug/net10.0/MyDesktopApplication.Core.Tests.dll
  MyDesktopApplication.Desktop net10.0 succeeded (0.1s) ‚Üí src/MyDesktopApplication.Desktop/bin/Debug/net10.0/MyDesktopApplication.Desktop.dll
  MyDesktopApplication.Integration.Tests net10.0 succeeded (0.0s) ‚Üí tests/MyDesktopApplication.Integration.Tests/bin/Debug/net10.0/MyDesktopApplication.Integration.Tests.dll
  MyDesktopApplication.UI.Tests net10.0 succeeded (0.1s) ‚Üí tests/MyDesktopApplication.UI.Tests/bin/Debug/net10.0/MyDesktopApplication.UI.Tests.dll
[xUnit.net 00:00:00.00] xUnit.net VSTest Adapter v3.1.5+1b188a7b0a (64-bit .NET 10.0.0)
[xUnit.net 00:00:00.00] xUnit.net VSTest Adapter v3.1.5+1b188a7b0a (64-bit .NET 10.0.0)
[xUnit.net 00:00:00.00] xUnit.net VSTest Adapter v3.1.5+1b188a7b0a (64-bit .NET 10.0.0)
[xUnit.net 00:00:00.06]   Discovering: MyDesktopApplication.Integration.Tests
[xUnit.net 00:00:00.06]   Discovering: MyDesktopApplication.Core.Tests
[xUnit.net 00:00:00.09]   Discovered:  MyDesktopApplication.Integration.Tests
[xUnit.net 00:00:00.06]   Discovering: MyDesktopApplication.UI.Tests
[xUnit.net 00:00:00.09]   Discovered:  MyDesktopApplication.Core.Tests
[xUnit.net 00:00:00.11]   Starting:    MyDesktopApplication.Integration.Tests
[xUnit.net 00:00:00.12]   Starting:    MyDesktopApplication.Core.Tests
[xUnit.net 00:00:00.09]   Discovered:  MyDesktopApplication.UI.Tests
[xUnit.net 00:00:00.11]   Starting:    MyDesktopApplication.UI.Tests
[xUnit.net 00:00:00.19]   Finished:    MyDesktopApplication.Core.Tests
[xUnit.net 00:00:00.17]   Finished:    MyDesktopApplication.UI.Tests
  MyDesktopApplication.Core.Tests test net10.0 succeeded (0.7s)
  MyDesktopApplication.UI.Tests test net10.0 succeeded (0.7s)
[xUnit.net 00:00:01.00]   Finished:    MyDesktopApplication.Integration.Tests
  MyDesktopApplication.Integration.Tests test net10.0 succeeded (1.5s)

Test summary: total: 35, failed: 0, succeeded: 35, skipped: 0, duration: 1.5s
Build succeeded in 2.4s

==============================================
  All Fixes Applied Successfully!
==============================================

Changes made:
  ‚úì Removed FluentAssertions (Xceed license - requires payment)
  ‚úì Removed NSubstitute from test projects (kept in props if needed)
  ‚úì Fixed InMemoryDatabase error - now using SQLite in-memory
  ‚úì Rewrote all tests with plain xUnit assertions

License policy:
  ‚úì All packages are now MIT, Apache-2.0, BSD, or Public Domain
  ‚úì No packages that require payment for any use


real	0m6.150s
user	0m4.973s
sys	0m1.115s
kushal@fedora:~/src/dotnet/MyDesktopApplication$ time sh export.sh 
==============================================
  Project Export for LLM Analysis
==============================================

Project Path: /home/kushal/src/dotnet/MyDesktopApplication
Output File:  docs/llm/dump.txt

Generating directory structure...
Collecting files...
Found 48 files to export

Processing (1/48): appsettings.json
Processing (2/48): continue-setup.sh
Processing (3/48): Directory.Build.props
Processing (4/48): Directory.Packages.props
Processing (5/48): docs/llm/claude.md
Processing (6/48): docs/llm/dump.txt
Processing (7/48): docs/llm/output.txt
Processing (8/48): docs/thoughts.md
Processing (9/48): export.sh
Processing (10/48): fix-all.sh
Processing (11/48): fix-cpm.sh
Processing (12/48): fix-tests.sh
Processing (13/48): .gitignore
Processing (14/48): MyDesktopApplication.slnx
Processing (15/48): README.md
Processing (16/48): setup-all.sh
Processing (17/48): setup-project.sh
Processing (18/48): setup.sh
Processing (19/48): src/MyDesktopApplication.Core/Entities/EntityBase.cs
Processing (20/48): src/MyDesktopApplication.Core/Entities/TodoItem.cs
Processing (21/48): src/MyDesktopApplication.Core/Interfaces/IRepository.cs
Processing (22/48): src/MyDesktopApplication.Core/Interfaces/ITodoRepository.cs
Processing (23/48): src/MyDesktopApplication.Core/MyDesktopApplication.Core.csproj
Processing (24/48): src/MyDesktopApplication.Desktop/App.axaml
Processing (25/48): src/MyDesktopApplication.Desktop/App.axaml.cs
Processing (26/48): src/MyDesktopApplication.Desktop/app.manifest
Processing (27/48): src/MyDesktopApplication.Desktop/appsettings.json
Processing (28/48): src/MyDesktopApplication.Desktop/Assets/avalonia-logo.ico
Processing (29/48): src/MyDesktopApplication.Desktop/MyDesktopApplication.Desktop.csproj
Processing (30/48): src/MyDesktopApplication.Desktop/Program.cs
Processing (31/48): src/MyDesktopApplication.Desktop/ViewModels/MainWindowViewModel.cs
Processing (32/48): src/MyDesktopApplication.Desktop/ViewModels/ViewModelBase.cs
Processing (33/48): src/MyDesktopApplication.Desktop/Views/MainWindow.axaml
Processing (34/48): src/MyDesktopApplication.Desktop/Views/MainWindow.axaml.cs
Processing (35/48): src/MyDesktopApplication.Infrastructure/Data/AppDbContext.cs
Processing (36/48): src/MyDesktopApplication.Infrastructure/DependencyInjection.cs
Processing (37/48): src/MyDesktopApplication.Infrastructure/MyDesktopApplication.Infrastructure.csproj
Processing (38/48): src/MyDesktopApplication.Infrastructure/Repositories/Repository.cs
Processing (39/48): src/MyDesktopApplication.Infrastructure/Repositories/TodoRepository.cs
Processing (40/48): src/MyDesktopApplication.Shared/DTOs/TodoItemDto.cs
Processing (41/48): src/MyDesktopApplication.Shared/MyDesktopApplication.Shared.csproj
Processing (42/48): tests/MyDesktopApplication.Core.Tests/MyDesktopApplication.Core.Tests.csproj
Processing (43/48): tests/MyDesktopApplication.Core.Tests/TodoItemTests.cs
Processing (44/48): tests/MyDesktopApplication.Integration.Tests/MyDesktopApplication.Integration.Tests.csproj
Processing (45/48): tests/MyDesktopApplication.Integration.Tests/TodoRepositoryTests.cs
Processing (46/48): tests/MyDesktopApplication.UI.Tests/MainWindowViewModelTests.cs
Processing (47/48): tests/MyDesktopApplication.UI.Tests/MyDesktopApplication.UI.Tests.csproj
Processing (48/48): update-packages.sh

==============================================
  Export Complete!
==============================================

Output file:    docs/llm/dump.txt
Files exported: 48
Files skipped:  0
Output size:    503.96 KB

File types included:
  ‚Ä¢ Source code: .cs, .fs, .vb
  ‚Ä¢ UI/XAML: .axaml, .xaml, .paml
  ‚Ä¢ Projects: .csproj, .slnx, .sln, .props, .targets
  ‚Ä¢ Config: .json, .yaml, .yml, .xml, .config
  ‚Ä¢ Docs: .md, .txt
  ‚Ä¢ Scripts: .sh, .ps1, .cmd, .bat
  ‚Ä¢ Other: .sql, .resx, .css, .scss, Dockerfile, etc.


real	0m0.558s
user	0m0.255s
sys	0m0.436s
kushal@fedora:~/src/dotnet/MyDesktopApplication$ time dotnet restore; time dotnet build; time dotnet test;
Restore complete (0.5s)

Build succeeded in 0.6s

real	0m0.715s
user	0m0.821s
sys	0m0.154s
Restore complete (0.5s)
  MyDesktopApplication.Core net10.0 succeeded (0.2s) ‚Üí src/MyDesktopApplication.Core/bin/Debug/net10.0/MyDesktopApplication.Core.dll
  MyDesktopApplication.Infrastructure net10.0 succeeded (0.1s) ‚Üí src/MyDesktopApplication.Infrastructure/bin/Debug/net10.0/MyDesktopApplication.Infrastructure.dll
  MyDesktopApplication.Shared net10.0 succeeded (0.1s) ‚Üí src/MyDesktopApplication.Shared/bin/Debug/net10.0/MyDesktopApplication.Shared.dll
  MyDesktopApplication.Core.Tests net10.0 succeeded (0.1s) ‚Üí tests/MyDesktopApplication.Core.Tests/bin/Debug/net10.0/MyDesktopApplication.Core.Tests.dll
  MyDesktopApplication.Integration.Tests net10.0 succeeded (0.1s) ‚Üí tests/MyDesktopApplication.Integration.Tests/bin/Debug/net10.0/MyDesktopApplication.Integration.Tests.dll
  MyDesktopApplication.Desktop net10.0 succeeded (0.7s) ‚Üí src/MyDesktopApplication.Desktop/bin/Debug/net10.0/MyDesktopApplication.Desktop.dll
  MyDesktopApplication.UI.Tests net10.0 succeeded (0.1s) ‚Üí tests/MyDesktopApplication.UI.Tests/bin/Debug/net10.0/MyDesktopApplication.UI.Tests.dll

Build succeeded in 1.8s

real	0m1.914s
user	0m1.520s
sys	0m0.328s
Restore complete (0.5s)
  MyDesktopApplication.Core net10.0 succeeded (0.1s) ‚Üí src/MyDesktopApplication.Core/bin/Debug/net10.0/MyDesktopApplication.Core.dll
  MyDesktopApplication.Shared net10.0 succeeded (0.0s) ‚Üí src/MyDesktopApplication.Shared/bin/Debug/net10.0/MyDesktopApplication.Shared.dll
  MyDesktopApplication.Infrastructure net10.0 succeeded (0.0s) ‚Üí src/MyDesktopApplication.Infrastructure/bin/Debug/net10.0/MyDesktopApplication.Infrastructure.dll
  MyDesktopApplication.Core.Tests net10.0 succeeded (0.1s) ‚Üí tests/MyDesktopApplication.Core.Tests/bin/Debug/net10.0/MyDesktopApplication.Core.Tests.dll
  MyDesktopApplication.Integration.Tests net10.0 succeeded (0.0s) ‚Üí tests/MyDesktopApplication.Integration.Tests/bin/Debug/net10.0/MyDesktopApplication.Integration.Tests.dll
  MyDesktopApplication.Desktop net10.0 succeeded (0.1s) ‚Üí src/MyDesktopApplication.Desktop/bin/Debug/net10.0/MyDesktopApplication.Desktop.dll
  MyDesktopApplication.UI.Tests net10.0 succeeded (0.1s) ‚Üí tests/MyDesktopApplication.UI.Tests/bin/Debug/net10.0/MyDesktopApplication.UI.Tests.dll
[xUnit.net 00:00:00.00] xUnit.net VSTest Adapter v3.1.5+1b188a7b0a (64-bit .NET 10.0.0)
[xUnit.net 00:00:00.00] xUnit.net VSTest Adapter v3.1.5+1b188a7b0a (64-bit .NET 10.0.0)
[xUnit.net 00:00:00.06]   Discovering: MyDesktopApplication.Core.Tests
[xUnit.net 00:00:00.06]   Discovering: MyDesktopApplication.Integration.Tests
[xUnit.net 00:00:00.00] xUnit.net VSTest Adapter v3.1.5+1b188a7b0a (64-bit .NET 10.0.0)
[xUnit.net 00:00:00.08]   Discovered:  MyDesktopApplication.Integration.Tests
[xUnit.net 00:00:00.10]   Discovered:  MyDesktopApplication.Core.Tests
[xUnit.net 00:00:00.10]   Starting:    MyDesktopApplication.Integration.Tests
[xUnit.net 00:00:00.12]   Starting:    MyDesktopApplication.Core.Tests
[xUnit.net 00:00:00.06]   Discovering: MyDesktopApplication.UI.Tests
[xUnit.net 00:00:00.09]   Discovered:  MyDesktopApplication.UI.Tests
[xUnit.net 00:00:00.10]   Starting:    MyDesktopApplication.UI.Tests
[xUnit.net 00:00:00.19]   Finished:    MyDesktopApplication.Core.Tests
[xUnit.net 00:00:00.17]   Finished:    MyDesktopApplication.UI.Tests
  MyDesktopApplication.Core.Tests test net10.0 succeeded (0.7s)
  MyDesktopApplication.UI.Tests test net10.0 succeeded (0.7s)
[xUnit.net 00:00:00.96]   Finished:    MyDesktopApplication.Integration.Tests
  MyDesktopApplication.Integration.Tests test net10.0 succeeded (1.5s)

Test summary: total: 35, failed: 0, succeeded: 35, skipped: 0, duration: 1.5s
Build succeeded in 2.4s

real	0m2.502s
user	0m1.529s
sys	0m0.339s
kushal@fedora:~/src/dotnet/MyDesktopApplication$ time dotnet run --project src/MyDesktopApplication.Desktop

real	0m27.585s
user	0m6.458s
sys	0m0.673s
kushal@fedora:~/src/dotnet/MyDesktopApplication$ time git remote show

real	0m0.003s
user	0m0.000s
sys	0m0.003s
kushal@fedora:~/src/dotnet/MyDesktopApplication$ git remote add origin git@github.com:kusl/MyDesktopApplication.git
kushal@fedora:~/src/dotnet/MyDesktopApplication$ time git push origin --all --verbose
Pushing to github.com:kusl/MyDesktopApplication.git
Enumerating objects: 317, done.
Counting objects: 100% (317/317), done.
Delta compression using up to 16 threads
Compressing objects: 100% (313/313), done.
Writing objects: 100% (317/317), 259.04 KiB | 14.39 MiB/s, done.
Total 317 (delta 144), reused 0 (delta 0), pack-reused 0 (from 0)
remote: Resolving deltas: 100% (144/144), done.
To github.com:kusl/MyDesktopApplication.git
 * [new branch]      master -> master
updating local tracking ref 'refs/remotes/origin/master'

real	0m0.952s
user	0m0.046s
sys	0m0.036s
kushal@fedora:~/src/dotnet/MyDesktopApplication$ time sh setup-github-actions.sh 
==============================================
  Setting up GitHub Actions
==============================================

‚úì Creating CI workflow (.github/workflows/ci.yml)...
‚úì Creating Release workflow (.github/workflows/release.yml)...
‚úì Creating Dependabot config (.github/dependabot.yml)...
‚úì Creating Mobile workflow (.github/workflows/mobile.yml)...
‚úì Creating Nightly workflow (.github/workflows/nightly.yml)...
‚úì Creating .gitattributes...
‚úì Updating README with badges...

==============================================
  GitHub Actions Setup Complete!
==============================================

Created workflows:
  .github/workflows/ci.yml       - Build & test on every commit/PR
  .github/workflows/release.yml  - Build releases for all platforms
  .github/workflows/nightly.yml  - Daily builds
  .github/workflows/mobile.yml   - Mobile builds (disabled)
  .github/dependabot.yml         - Auto dependency updates

Release platforms:
  ‚Ä¢ Windows x64
  ‚Ä¢ Windows ARM64
  ‚Ä¢ Linux x64
  ‚Ä¢ Linux ARM64
  ‚Ä¢ macOS x64 (Intel)
  ‚Ä¢ macOS ARM64 (Apple Silicon)

To create a release:
  git add .
  git commit -m 'Add GitHub Actions'
  git push
  git tag v1.0.0
  git push origin v1.0.0

Mobile support (Android/iOS):
  Avalonia supports mobile platforms, but requires additional setup.
  See .github/workflows/mobile.yml for details.


real	0m0.026s
user	0m0.008s
sys	0m0.012s
kushal@fedora:~/src/dotnet/MyDesktopApplication$ time sh export.sh 
==============================================
  Project Export for LLM Analysis
==============================================

Project Path: /home/kushal/src/dotnet/MyDesktopApplication
Output File:  docs/llm/dump.txt

Generating directory structure...
Collecting files...
Found 55 files to export

Processing (1/55): appsettings.json
Processing (2/55): continue-setup.sh
Processing (3/55): Directory.Build.props
Processing (4/55): Directory.Packages.props
Processing (5/55): docs/llm/claude.md
Processing (6/55): docs/llm/dump.txt
Processing (7/55): docs/llm/output.txt
Processing (8/55): docs/thoughts.md
Processing (9/55): export.sh
Processing (10/55): fix-all.sh
Processing (11/55): fix-cpm.sh
Processing (12/55): fix-tests.sh
Processing (13/55): .gitattributes
Processing (14/55): .github/dependabot.yml
Processing (15/55): .github/workflows/ci.yml
Processing (16/55): .github/workflows/mobile.yml
Processing (17/55): .github/workflows/nightly.yml
Processing (18/55): .github/workflows/release.yml
Processing (19/55): .gitignore
Processing (20/55): MyDesktopApplication.slnx
Processing (21/55): README.md
Processing (22/55): setup-all.sh
Processing (23/55): setup-github-actions.sh
Processing (24/55): setup-project.sh
Processing (25/55): setup.sh
Processing (26/55): src/MyDesktopApplication.Core/Entities/EntityBase.cs
Processing (27/55): src/MyDesktopApplication.Core/Entities/TodoItem.cs
Processing (28/55): src/MyDesktopApplication.Core/Interfaces/IRepository.cs
Processing (29/55): src/MyDesktopApplication.Core/Interfaces/ITodoRepository.cs
Processing (30/55): src/MyDesktopApplication.Core/MyDesktopApplication.Core.csproj
Processing (31/55): src/MyDesktopApplication.Desktop/App.axaml
Processing (32/55): src/MyDesktopApplication.Desktop/App.axaml.cs
Processing (33/55): src/MyDesktopApplication.Desktop/app.manifest
Processing (34/55): src/MyDesktopApplication.Desktop/appsettings.json
Processing (35/55): src/MyDesktopApplication.Desktop/Assets/avalonia-logo.ico
Processing (36/55): src/MyDesktopApplication.Desktop/MyDesktopApplication.Desktop.csproj
Processing (37/55): src/MyDesktopApplication.Desktop/Program.cs
Processing (38/55): src/MyDesktopApplication.Desktop/ViewModels/MainWindowViewModel.cs
Processing (39/55): src/MyDesktopApplication.Desktop/ViewModels/ViewModelBase.cs
Processing (40/55): src/MyDesktopApplication.Desktop/Views/MainWindow.axaml
Processing (41/55): src/MyDesktopApplication.Desktop/Views/MainWindow.axaml.cs
Processing (42/55): src/MyDesktopApplication.Infrastructure/Data/AppDbContext.cs
Processing (43/55): src/MyDesktopApplication.Infrastructure/DependencyInjection.cs
Processing (44/55): src/MyDesktopApplication.Infrastructure/MyDesktopApplication.Infrastructure.csproj
Processing (45/55): src/MyDesktopApplication.Infrastructure/Repositories/Repository.cs
Processing (46/55): src/MyDesktopApplication.Infrastructure/Repositories/TodoRepository.cs
Processing (47/55): src/MyDesktopApplication.Shared/DTOs/TodoItemDto.cs
Processing (48/55): src/MyDesktopApplication.Shared/MyDesktopApplication.Shared.csproj
Processing (49/55): tests/MyDesktopApplication.Core.Tests/MyDesktopApplication.Core.Tests.csproj
Processing (50/55): tests/MyDesktopApplication.Core.Tests/TodoItemTests.cs
Processing (51/55): tests/MyDesktopApplication.Integration.Tests/MyDesktopApplication.Integration.Tests.csproj
Processing (52/55): tests/MyDesktopApplication.Integration.Tests/TodoRepositoryTests.cs
Processing (53/55): tests/MyDesktopApplication.UI.Tests/MainWindowViewModelTests.cs
Processing (54/55): tests/MyDesktopApplication.UI.Tests/MyDesktopApplication.UI.Tests.csproj
Processing (55/55): update-packages.sh

==============================================
  Export Complete!
==============================================

Output file:    docs/llm/dump.txt
Files exported: 55
Files skipped:  0
Output size:    539.83 KB

File types included:
  ‚Ä¢ Source code: .cs, .fs, .vb
  ‚Ä¢ UI/XAML: .axaml, .xaml, .paml
  ‚Ä¢ Projects: .csproj, .slnx, .sln, .props, .targets
  ‚Ä¢ Config: .json, .yaml, .yml, .xml, .config
  ‚Ä¢ Docs: .md, .txt
  ‚Ä¢ Scripts: .sh, .ps1, .cmd, .bat
  ‚Ä¢ Other: .sql, .resx, .css, .scss, Dockerfile, etc.


real	0m0.645s
user	0m0.310s
sys	0m0.486s
kushal@fedora:~/src/dotnet/MyDesktopApplication$ time dotnet restore; time dotnet build; time dotnet test;
Restore complete (1.1s)

Build succeeded in 1.2s

real	0m1.324s
user	0m1.205s
sys	0m0.246s
Restore complete (0.5s)
  MyDesktopApplication.Core net10.0 succeeded (2.3s) ‚Üí src/MyDesktopApplication.Core/bin/Debug/net10.0/MyDesktopApplication.Core.dll
  MyDesktopApplication.Core.Tests net10.0 succeeded (0.2s) ‚Üí tests/MyDesktopApplication.Core.Tests/bin/Debug/net10.0/MyDesktopApplication.Core.Tests.dll
  MyDesktopApplication.Infrastructure net10.0 succeeded (0.2s) ‚Üí src/MyDesktopApplication.Infrastructure/bin/Debug/net10.0/MyDesktopApplication.Infrastructure.dll
  MyDesktopApplication.Integration.Tests net10.0 succeeded (0.1s) ‚Üí tests/MyDesktopApplication.Integration.Tests/bin/Debug/net10.0/MyDesktopApplication.Integration.Tests.dll
  MyDesktopApplication.Shared net10.0 succeeded (0.4s) ‚Üí src/MyDesktopApplication.Shared/bin/Debug/net10.0/MyDesktopApplication.Shared.dll
  MyDesktopApplication.Desktop net10.0 succeeded (0.7s) ‚Üí src/MyDesktopApplication.Desktop/bin/Debug/net10.0/MyDesktopApplication.Desktop.dll
  MyDesktopApplication.UI.Tests net10.0 succeeded (0.2s) ‚Üí tests/MyDesktopApplication.UI.Tests/bin/Debug/net10.0/MyDesktopApplication.UI.Tests.dll

Build succeeded in 4.3s

real	0m4.405s
user	0m1.936s
sys	0m0.357s
Restore complete (0.5s)
  MyDesktopApplication.Core net10.0 succeeded (0.1s) ‚Üí src/MyDesktopApplication.Core/bin/Debug/net10.0/MyDesktopApplication.Core.dll
  MyDesktopApplication.Shared net10.0 succeeded (0.0s) ‚Üí src/MyDesktopApplication.Shared/bin/Debug/net10.0/MyDesktopApplication.Shared.dll
  MyDesktopApplication.Infrastructure net10.0 succeeded (0.0s) ‚Üí src/MyDesktopApplication.Infrastructure/bin/Debug/net10.0/MyDesktopApplication.Infrastructure.dll
  MyDesktopApplication.Core.Tests net10.0 succeeded (0.1s) ‚Üí tests/MyDesktopApplication.Core.Tests/bin/Debug/net10.0/MyDesktopApplication.Core.Tests.dll
  MyDesktopApplication.Integration.Tests net10.0 succeeded (0.1s) ‚Üí tests/MyDesktopApplication.Integration.Tests/bin/Debug/net10.0/MyDesktopApplication.Integration.Tests.dll
  MyDesktopApplication.Desktop net10.0 succeeded (0.1s) ‚Üí src/MyDesktopApplication.Desktop/bin/Debug/net10.0/MyDesktopApplication.Desktop.dll
  MyDesktopApplication.UI.Tests net10.0 succeeded (0.0s) ‚Üí tests/MyDesktopApplication.UI.Tests/bin/Debug/net10.0/MyDesktopApplication.UI.Tests.dll
[xUnit.net 00:00:00.00] xUnit.net VSTest Adapter v3.1.5+1b188a7b0a (64-bit .NET 10.0.0)
[xUnit.net 00:00:00.00] xUnit.net VSTest Adapter v3.1.5+1b188a7b0a (64-bit .NET 10.0.0)
[xUnit.net 00:00:00.06]   Discovering: MyDesktopApplication.Core.Tests
[xUnit.net 00:00:00.00] xUnit.net VSTest Adapter v3.1.5+1b188a7b0a (64-bit .NET 10.0.0)
[xUnit.net 00:00:00.06]   Discovering: MyDesktopApplication.Integration.Tests
[xUnit.net 00:00:00.10]   Discovered:  MyDesktopApplication.Core.Tests
[xUnit.net 00:00:00.09]   Discovered:  MyDesktopApplication.Integration.Tests
[xUnit.net 00:00:00.12]   Starting:    MyDesktopApplication.Core.Tests
[xUnit.net 00:00:00.10]   Starting:    MyDesktopApplication.Integration.Tests
[xUnit.net 00:00:00.06]   Discovering: MyDesktopApplication.UI.Tests
[xUnit.net 00:00:00.09]   Discovered:  MyDesktopApplication.UI.Tests
[xUnit.net 00:00:00.10]   Starting:    MyDesktopApplication.UI.Tests
[xUnit.net 00:00:00.19]   Finished:    MyDesktopApplication.Core.Tests
[xUnit.net 00:00:00.17]   Finished:    MyDesktopApplication.UI.Tests
  MyDesktopApplication.Core.Tests test net10.0 succeeded (0.7s)
  MyDesktopApplication.UI.Tests test net10.0 succeeded (0.7s)
[xUnit.net 00:00:00.97]   Finished:    MyDesktopApplication.Integration.Tests
  MyDesktopApplication.Integration.Tests test net10.0 succeeded (1.5s)

Test summary: total: 35, failed: 0, succeeded: 35, skipped: 0, duration: 1.5s
Build succeeded in 2.4s

real	0m2.573s
user	0m1.600s
sys	0m0.338s
kushal@fedora:~/src/dotnet/MyDesktopApplication$ 
