kushal@fedora:~/src/dotnet/MyDesktopApplication$ cd /home/kushal/src/dotnet/MyDesktopApplication; time sh export.sh; time dotnet clean; time dotnet restore; time dotnet build;
==============================================
  Project Export for LLM Analysis
==============================================

Project Path: /home/kushal/src/dotnet/MyDesktopApplication
Output File:  docs/llm/dump.txt

Generating directory structure...
Collecting files...
Found 64 files to export

Processing (1/64): appsettings.json
Processing (2/64): continue-setup.sh
Processing (3/64): Directory.Build.props
Processing (4/64): Directory.Packages.props
Processing (5/64): export.sh
Processing (6/64): fix-all.sh
Processing (7/64): fix-android-code.sh
Processing (8/64): fix-ci-and-add-android.sh
Processing (9/64): fix-cpm.sh
Processing (10/64): fix-tests.sh
Processing (11/64): .gitattributes
Processing (12/64): .github/dependabot.yml
Processing (13/64): .github/workflows/build.yml
Processing (14/64): .github/workflows/ci.yml
Processing (15/64): .github/workflows/release.yml
Processing (16/64): .gitignore
Processing (17/64): MyDesktopApplication.slnx
Processing (18/64): README.md
Processing (19/64): setup-all.sh
Processing (20/64): setup-android-fedora.sh
Processing (21/64): setup-github-actions.sh
Processing (22/64): setup-project.sh
Processing (23/64): setup.sh
Processing (24/64): src/MyDesktopApplication.Android/AndroidManifest.xml
Processing (25/64): src/MyDesktopApplication.Android/App.axaml
Processing (26/64): src/MyDesktopApplication.Android/App.cs
Processing (27/64): src/MyDesktopApplication.Android/MainActivity.cs
Processing (28/64): src/MyDesktopApplication.Android/MyDesktopApplication.Android.csproj
Processing (29/64): src/MyDesktopApplication.Android/Resources/values/strings.xml
Processing (30/64): src/MyDesktopApplication.Android/Resources/values/styles.xml
Processing (31/64): src/MyDesktopApplication.Android/Views/MainView.axaml
Processing (32/64): src/MyDesktopApplication.Android/Views/MainView.axaml.cs
Processing (33/64): src/MyDesktopApplication.Core/Entities/EntityBase.cs
Processing (34/64): src/MyDesktopApplication.Core/Entities/TodoItem.cs
Processing (35/64): src/MyDesktopApplication.Core/Interfaces/IRepository.cs
Processing (36/64): src/MyDesktopApplication.Core/Interfaces/ITodoRepository.cs
Processing (37/64): src/MyDesktopApplication.Core/MyDesktopApplication.Core.csproj
Processing (38/64): src/MyDesktopApplication.Desktop/App.axaml
Processing (39/64): src/MyDesktopApplication.Desktop/App.axaml.cs
Processing (40/64): src/MyDesktopApplication.Desktop/app.manifest
Processing (41/64): src/MyDesktopApplication.Desktop/appsettings.json
Processing (42/64): src/MyDesktopApplication.Desktop/Assets/avalonia-logo.ico
Processing (43/64): src/MyDesktopApplication.Desktop/MyDesktopApplication.Desktop.csproj
Processing (44/64): src/MyDesktopApplication.Desktop/Program.cs
Processing (45/64): src/MyDesktopApplication.Desktop/ViewModels/MainWindowViewModel.cs
Processing (46/64): src/MyDesktopApplication.Desktop/ViewModels/ViewModelBase.cs
Processing (47/64): src/MyDesktopApplication.Desktop/Views/MainWindow.axaml
Processing (48/64): src/MyDesktopApplication.Desktop/Views/MainWindow.axaml.cs
Processing (49/64): src/MyDesktopApplication.Infrastructure/Data/AppDbContext.cs
Processing (50/64): src/MyDesktopApplication.Infrastructure/DependencyInjection.cs
Processing (51/64): src/MyDesktopApplication.Infrastructure/MyDesktopApplication.Infrastructure.csproj
Processing (52/64): src/MyDesktopApplication.Infrastructure/Repositories/Repository.cs
Processing (53/64): src/MyDesktopApplication.Infrastructure/Repositories/TodoRepository.cs
Processing (54/64): src/MyDesktopApplication.Shared/DTOs/TodoItemDto.cs
Processing (55/64): src/MyDesktopApplication.Shared/MyDesktopApplication.Shared.csproj
Processing (56/64): src/MyDesktopApplication.Shared/ViewModels/MainViewModel.cs
Processing (57/64): src/MyDesktopApplication.Shared/ViewModels/ViewModelBase.cs
Processing (58/64): tests/MyDesktopApplication.Core.Tests/MyDesktopApplication.Core.Tests.csproj
Processing (59/64): tests/MyDesktopApplication.Core.Tests/TodoItemTests.cs
Processing (60/64): tests/MyDesktopApplication.Integration.Tests/MyDesktopApplication.Integration.Tests.csproj
Processing (61/64): tests/MyDesktopApplication.Integration.Tests/TodoRepositoryTests.cs
Processing (62/64): tests/MyDesktopApplication.UI.Tests/MainWindowViewModelTests.cs
Processing (63/64): tests/MyDesktopApplication.UI.Tests/MyDesktopApplication.UI.Tests.csproj
Processing (64/64): update-packages.sh

==============================================
  Export Complete!
==============================================

Output file:    docs/llm/dump.txt
Files exported: 64
Files skipped:  0
Output size:    466.16 KB

File types included:
  • Source code: .cs, .fs, .vb
  • UI/XAML: .axaml, .xaml, .paml
  • Projects: .csproj, .slnx, .sln, .props, .targets
  • Config: .json, .yaml, .yml, .xml, .config
  • Docs: .md, .txt
  • Scripts: .sh, .ps1, .cmd, .bat
  • Other: .sql, .resx, .css, .scss, Dockerfile, etc.


real	0m0.733s
user	0m0.346s
sys	0m0.568s

Build succeeded in 0.9s

real	0m1.018s
user	0m0.783s
sys	0m0.229s
Restore complete (0.6s)

Build succeeded in 0.7s

real	0m0.836s
user	0m0.946s
sys	0m0.201s
Restore complete (0.6s)
  MyDesktopApplication.Core net10.0 succeeded (0.2s) → src/MyDesktopApplication.Core/bin/Debug/net10.0/MyDesktopApplication.Core.dll
  MyDesktopApplication.Infrastructure net10.0 succeeded (0.3s) → src/MyDesktopApplication.Infrastructure/bin/Debug/net10.0/MyDesktopApplication.Infrastructure.dll
  MyDesktopApplication.Shared net10.0 succeeded (0.3s) → src/MyDesktopApplication.Shared/bin/Debug/net10.0/MyDesktopApplication.Shared.dll
  MyDesktopApplication.Core.Tests net10.0 succeeded (0.3s) → tests/MyDesktopApplication.Core.Tests/bin/Debug/net10.0/MyDesktopApplication.Core.Tests.dll
  MyDesktopApplication.Integration.Tests net10.0 succeeded (0.4s) → tests/MyDesktopApplication.Integration.Tests/bin/Debug/net10.0/MyDesktopApplication.Integration.Tests.dll
  MyDesktopApplication.Desktop net10.0 succeeded (1.1s) → src/MyDesktopApplication.Desktop/bin/Debug/net10.0/MyDesktopApplication.Desktop.dll
  MyDesktopApplication.UI.Tests net10.0 succeeded (0.4s) → tests/MyDesktopApplication.UI.Tests/bin/Debug/net10.0/MyDesktopApplication.UI.Tests.dll
Attempting to cancel the build...

Build failed in 62.7s

real	1m2.892s
user	0m3.260s
sys	0m1.131s
kushal@fedora:~/src/dotnet/MyDesktopApplication$ ls -la ~/.android/sdk/cmdline-tools/
total 0
drwxr-xr-x. 1 kushal kushal  12 Dec 20 07:04 .
drwxr-xr-x. 1 kushal kushal 148 Dec 20 07:16 ..
drwxr-xr-x. 1 kushal kushal  66 Dec 20 07:04 latest
kushal@fedora:~/src/dotnet/MyDesktopApplication$ ls -la ~/.android/sdk/licenses/
total 28
drwxr-xr-x. 1 kushal kushal 336 Dec 20 07:04 .
drwxr-xr-x. 1 kushal kushal 148 Dec 20 07:16 ..
-rw-r--r--. 1 kushal kushal  41 Dec 20 07:04 android-googletv-license
-rw-r--r--. 1 kushal kushal  41 Dec 20 07:04 android-googlexr-license
-rw-r--r--. 1 kushal kushal  82 Dec 20 07:04 android-sdk-arm-dbt-license
-rw-r--r--. 1 kushal kushal 123 Dec 20 07:16 android-sdk-license
-rw-r--r--. 1 kushal kushal  42 Dec 20 06:34 android-sdk-preview-license
-rw-r--r--. 1 kushal kushal  41 Dec 20 07:04 google-gdk-license
-rw-r--r--. 1 kushal kushal  41 Dec 20 07:04 mips-android-sysimage-license
kushal@fedora:~/src/dotnet/MyDesktopApplication$ ls -la ~/.android/sdk/cmdline-tools/latest/bin/sdkmanager
-rwxr-xr-x. 1 kushal kushal 5319 Jan  1  2010 /home/kushal/.android/sdk/cmdline-tools/latest/bin/sdkmanager
kushal@fedora:~/src/dotnet/MyDesktopApplication$ yes | ~/.android/sdk/cmdline-tools/latest/bin/sdkmanager --licenses
[=======================================] 100% Computing updates...             
All SDK package licenses accepted.

kushal@fedora:~/src/dotnet/MyDesktopApplication$ pkill -f aapt2
kushal@fedora:~/src/dotnet/MyDesktopApplication$ pkill -f VBCSCompiler
kushal@fedora:~/src/dotnet/MyDesktopApplication$ dotnet build-server shutdown
Shutting down MSBuild server...
Shutting down VB/C# compiler server...
VB/C# compiler server shut down successfully.
MSBuild server shut down successfully.
kushal@fedora:~/src/dotnet/MyDesktopApplication$ rm -rf bin obj src/*/bin src/*/obj tests/*/bin tests/*/obj
kushal@fedora:~/src/dotnet/MyDesktopApplication$ time dotnet build
Restore complete (1.0s)
  MyDesktopApplication.Core net10.0 succeeded (2.5s) → src/MyDesktopApplication.Core/bin/Debug/net10.0/MyDesktopApplication.Core.dll
  MyDesktopApplication.Infrastructure net10.0 succeeded (0.5s) → src/MyDesktopApplication.Infrastructure/bin/Debug/net10.0/MyDesktopApplication.Infrastructure.dll
  MyDesktopApplication.Core.Tests net10.0 succeeded (0.5s) → tests/MyDesktopApplication.Core.Tests/bin/Debug/net10.0/MyDesktopApplication.Core.Tests.dll
  MyDesktopApplication.Shared net10.0 succeeded (0.8s) → src/MyDesktopApplication.Shared/bin/Debug/net10.0/MyDesktopApplication.Shared.dll
  MyDesktopApplication.Integration.Tests net10.0 succeeded (0.4s) → tests/MyDesktopApplication.Integration.Tests/bin/Debug/net10.0/MyDesktopApplication.Integration.Tests.dll
  MyDesktopApplication.Desktop net10.0 succeeded (1.4s) → src/MyDesktopApplication.Desktop/bin/Debug/net10.0/MyDesktopApplication.Desktop.dll
  MyDesktopApplication.UI.Tests net10.0 succeeded (0.4s) → tests/MyDesktopApplication.UI.Tests/bin/Debug/net10.0/MyDesktopApplication.UI.Tests.dll
Attempting to cancel the build...

Build failed in 70.5s

real	1m10.651s
user	0m5.207s
sys	0m1.287s
kushal@fedora:~/src/dotnet/MyDesktopApplication$ cd /home/kushal/src/dotnet/MyDesktopApplication; time sh export.sh; time dotnet clean; time dotnet restore;
==============================================
  Project Export for LLM Analysis
==============================================

Project Path: /home/kushal/src/dotnet/MyDesktopApplication
Output File:  docs/llm/dump.txt

Generating directory structure...
Collecting files...
Found 64 files to export

Processing (1/64): appsettings.json
Processing (2/64): continue-setup.sh
Processing (3/64): Directory.Build.props
Processing (4/64): Directory.Packages.props
Processing (5/64): export.sh
Processing (6/64): fix-all.sh
Processing (7/64): fix-android-code.sh
Processing (8/64): fix-ci-and-add-android.sh
Processing (9/64): fix-cpm.sh
Processing (10/64): fix-tests.sh
Processing (11/64): .gitattributes
Processing (12/64): .github/dependabot.yml
Processing (13/64): .github/workflows/build.yml
Processing (14/64): .github/workflows/ci.yml
Processing (15/64): .github/workflows/release.yml
Processing (16/64): .gitignore
Processing (17/64): MyDesktopApplication.slnx
Processing (18/64): README.md
Processing (19/64): setup-all.sh
Processing (20/64): setup-android-fedora.sh
Processing (21/64): setup-github-actions.sh
Processing (22/64): setup-project.sh
Processing (23/64): setup.sh
Processing (24/64): src/MyDesktopApplication.Android/AndroidManifest.xml
Processing (25/64): src/MyDesktopApplication.Android/App.axaml
Processing (26/64): src/MyDesktopApplication.Android/App.cs
Processing (27/64): src/MyDesktopApplication.Android/MainActivity.cs
Processing (28/64): src/MyDesktopApplication.Android/MyDesktopApplication.Android.csproj
Processing (29/64): src/MyDesktopApplication.Android/Resources/values/strings.xml
Processing (30/64): src/MyDesktopApplication.Android/Resources/values/styles.xml
Processing (31/64): src/MyDesktopApplication.Android/Views/MainView.axaml
Processing (32/64): src/MyDesktopApplication.Android/Views/MainView.axaml.cs
Processing (33/64): src/MyDesktopApplication.Core/Entities/EntityBase.cs
Processing (34/64): src/MyDesktopApplication.Core/Entities/TodoItem.cs
Processing (35/64): src/MyDesktopApplication.Core/Interfaces/IRepository.cs
Processing (36/64): src/MyDesktopApplication.Core/Interfaces/ITodoRepository.cs
Processing (37/64): src/MyDesktopApplication.Core/MyDesktopApplication.Core.csproj
Processing (38/64): src/MyDesktopApplication.Desktop/App.axaml
Processing (39/64): src/MyDesktopApplication.Desktop/App.axaml.cs
Processing (40/64): src/MyDesktopApplication.Desktop/app.manifest
Processing (41/64): src/MyDesktopApplication.Desktop/appsettings.json
Processing (42/64): src/MyDesktopApplication.Desktop/Assets/avalonia-logo.ico
Processing (43/64): src/MyDesktopApplication.Desktop/MyDesktopApplication.Desktop.csproj
Processing (44/64): src/MyDesktopApplication.Desktop/Program.cs
Processing (45/64): src/MyDesktopApplication.Desktop/ViewModels/MainWindowViewModel.cs
Processing (46/64): src/MyDesktopApplication.Desktop/ViewModels/ViewModelBase.cs
Processing (47/64): src/MyDesktopApplication.Desktop/Views/MainWindow.axaml
Processing (48/64): src/MyDesktopApplication.Desktop/Views/MainWindow.axaml.cs
Processing (49/64): src/MyDesktopApplication.Infrastructure/Data/AppDbContext.cs
Processing (50/64): src/MyDesktopApplication.Infrastructure/DependencyInjection.cs
Processing (51/64): src/MyDesktopApplication.Infrastructure/MyDesktopApplication.Infrastructure.csproj
Processing (52/64): src/MyDesktopApplication.Infrastructure/Repositories/Repository.cs
Processing (53/64): src/MyDesktopApplication.Infrastructure/Repositories/TodoRepository.cs
Processing (54/64): src/MyDesktopApplication.Shared/DTOs/TodoItemDto.cs
Processing (55/64): src/MyDesktopApplication.Shared/MyDesktopApplication.Shared.csproj
Processing (56/64): src/MyDesktopApplication.Shared/ViewModels/MainViewModel.cs
Processing (57/64): src/MyDesktopApplication.Shared/ViewModels/ViewModelBase.cs
Processing (58/64): tests/MyDesktopApplication.Core.Tests/MyDesktopApplication.Core.Tests.csproj
Processing (59/64): tests/MyDesktopApplication.Core.Tests/TodoItemTests.cs
Processing (60/64): tests/MyDesktopApplication.Integration.Tests/MyDesktopApplication.Integration.Tests.csproj
Processing (61/64): tests/MyDesktopApplication.Integration.Tests/TodoRepositoryTests.cs
Processing (62/64): tests/MyDesktopApplication.UI.Tests/MainWindowViewModelTests.cs
Processing (63/64): tests/MyDesktopApplication.UI.Tests/MyDesktopApplication.UI.Tests.csproj
Processing (64/64): update-packages.sh

==============================================
  Export Complete!
==============================================

Output file:    docs/llm/dump.txt
Files exported: 64
Files skipped:  0
Output size:    466.16 KB

File types included:
  • Source code: .cs, .fs, .vb
  • UI/XAML: .axaml, .xaml, .paml
  • Projects: .csproj, .slnx, .sln, .props, .targets
  • Config: .json, .yaml, .yml, .xml, .config
  • Docs: .md, .txt
  • Scripts: .sh, .ps1, .cmd, .bat
  • Other: .sql, .resx, .css, .scss, Dockerfile, etc.


real	0m0.737s
user	0m0.361s
sys	0m0.551s

Build succeeded in 0.9s

real	0m1.023s
user	0m0.818s
sys	0m0.223s
Restore complete (0.6s)

Build succeeded in 0.7s

real	0m0.858s
user	0m0.934s
sys	0m0.195s
kushal@fedora:~/src/dotnet/MyDesktopApplication$ 
